.
Build target 'BK3435_bim'
compiling bim_app.c...
app\bim_app.c(420): warning:  #550-D: variable "pBuffer" was set but never used      char * pBuffer;
app\bim_app.c(442): warning:  #223-D: function "arm9_enable_alignfault" declared implicitly      arm9_enable_alignfault();
app\bim_app.c(438): warning:  #177-D: variable "addr_tmp" was declared but never referenced      uint32 addr_tmp,i;
app\bim_app.c(438): warning:  #177-D: variable "i" was declared but never referenced      uint32 addr_tmp,i;
app\bim_app.c(439): warning:  #177-D: variable "tmp" was declared but never referenced      uint8 tmp=0xff;
app\bim_app.c: 5 warnings, 0 errors
compiling bim_intc.c...
compiling bim_updataImage.c...
assembling bim_vectors.s...
assembling bim_handlers.s...
compiling bim_flash.c...
compiling bim_gpio.c...
compiling bim_icu.c...
compiling bim_wdt.c...
compiling rf_xvr.c...
compiling bim_adc.c...
compiling bim_uart2.c...
compiling driver_usb.c...
compiling usb.c...
compiling usb_desc.c...
compiling usbclass.c...
linking...
Program Size: Code=11832 RO-data=316 RW-data=88 ZI-data=40872  
After Build - User command #1: fromelf --bin --output .\output\bk3633_boot.bin .\obj\bk3633_boot.axf
After Build - User command #2: .\output\encrypt_bim.bat

E:\work\BK3633\code\internal\BK3633_BLE\SDK\projects\app_2.4g\boot_usb>.\output\encrypt.exe .\output\bk3633_boot.bin 00000000 
/**< @author <luoyao@bekencorp.com> */
/**< @version v0.2 */
 Encrypt Seccessfully!
 -FileSize: 0x32de

E:\work\BK3633\code\internal\BK3633_BLE\SDK\projects\app_2.4g\boot_usb>copy .\output\bk3633_boot.bin ..\app_usb_2.4g\output\boot 
已复制         1 个文件。
".\obj\bk3633_boot.axf" - 0 Error(s), 5 Warning(s).
Build target 'BK3435_bim'
compiling bim_app.c...
compiling bim_intc.c...
compiling bim_updataImage.c...
assembling bim_vectors.s...
assembling bim_handlers.s...
compiling bim_flash.c...
compiling bim_uart2.c...
compiling bim_gpio.c...
compiling bim_icu.c...
compiling bim_wdt.c...
compiling bim_adc.c...
compiling bim_uart0.c...
linking...
Program Size: Code=6704 RO-data=68 RW-data=20 ZI-data=3408  
After Build - User command #1: fromelf --bin --output .\output\bk3633_boot.bin .\obj\bk3633_boot.axf
After Build - User command #2: .\output\encrypt_bim.bat

E:\work\BK3633\code\internal\BK3633_BLE\SDK\projects\boot>copy .\output\bk3633_boot.bin ..\app_ancs\output\boot 
已复制         1 个文件。

E:\work\BK3633\code\internal\BK3633_BLE\SDK\projects\boot>copy .\output\bk3633_boot.bin ..\app_gatt\output\boot 
已复制         1 个文件。

E:\work\BK3633\code\internal\BK3633_BLE\SDK\projects\boot>copy .\output\bk3633_boot.bin ..\app_multi_bond\output\boot 
已复制         1 个文件。

E:\work\BK3633\code\internal\BK3633_BLE\SDK\projects\boot>copy .\output\bk3633_boot.bin ..\app_rc\output\boot 
已复制         1 个文件。

E:\work\BK3633\code\internal\BK3633_BLE\SDK\projects\boot>copy .\output\bk3633_boot.bin ..\app_gatt_multi_connect\output\boot 
已复制         1 个文件。

E:\work\BK3633\code\internal\BK3633_BLE\SDK\projects\boot>copy .\output\bk3633_boot.bin ..\app_gatt_IRK_connect\output\boot 
已复制         1 个文件。

E:\work\BK3633\code\internal\BK3633_BLE\SDK\projects\boot>copy .\output\bk3633_boot.bin ..\app_hilink\output\boot 
已复制         1 个文件。

E:\work\BK3633\code\internal\BK3633_BLE\SDK\projects\boot>copy .\output\bk3633_boot.bin ..\app_gatt_rtos\output\boot 
已复制         1 个文件。
".\obj\bk3633_boot.axf" - 0 Error(s), 0 Warning(s).
Build target 'BK3435_bim'
compiling bim_app.c...
compiling bim_intc.c...
compiling bim_updataImage.c...
assembling bim_vectors.s...
assembling bim_handlers.s...
compiling bim_flash.c...
compiling bim_uart2.c...
compiling bim_gpio.c...
compiling bim_icu.c...
compiling bim_wdt.c...
compiling bim_adc.c...
compiling bim_uart0.c...
linking...
Program Size: Code=6704 RO-data=68 RW-data=20 ZI-data=3408  
After Build - User command #1: fromelf --bin --output .\output\bk3633_boot.bin .\obj\bk3633_boot.axf
After Build - User command #2: .\output\encrypt_bim.bat

E:\work\BK3633\code\internal\BK3633_BLE\SDK\projects\boot_codesize_cut>copy .\output\bk3633_boot.bin ..\app_gatt_codesize_cut\output\boot 
已复制         1 个文件。
".\obj\bk3633_boot.axf" - 0 Error(s), 0 Warning(s).
Build target 'BK3435_bim'
compiling bim_app.c...
compiling bim_intc.c...
compiling bim_updataImage.c...
assembling bim_vectors.s...
assembling bim_handlers.s...
compiling bim_flash.c...
compiling bim_uart2.c...
compiling bim_gpio.c...
compiling bim_icu.c...
compiling bim_wdt.c...
compiling bim_adc.c...
compiling bim_uart0.c...
linking...
Program Size: Code=6704 RO-data=68 RW-data=20 ZI-data=3408  
After Build - User command #1: fromelf --bin --output .\output\bk3633_boot.bin .\obj\bk3633_boot.axf
After Build - User command #2: .\output\encrypt_bim.bat

E:\work\BK3633\code\internal\BK3633_BLE\SDK\projects\boot_for_all_roles>copy .\output\bk3633_boot.bin ..\app_gatt_all_roles\output\boot 
已复制         1 个文件。

E:\work\BK3633\code\internal\BK3633_BLE\SDK\projects\boot_for_all_roles>copy .\output\bk3633_boot.bin ..\app_gatt_2_master_3_slave\output\boot 
已复制         1 个文件。
".\obj\bk3633_boot.axf" - 0 Error(s), 0 Warning(s).
Build target 'BK3435_bim'
compiling bim_app.c...
app\bim_app.c(442): warning:  #223-D: function "arm9_enable_alignfault" declared implicitly      arm9_enable_alignfault();
app\bim_app.c: 1 warning, 0 errors
compiling bim_intc.c...
compiling bim_updataImage.c...
assembling bim_vectors.s...
assembling bim_handlers.s...
compiling bim_flash.c...
compiling bim_gpio.c...
compiling bim_icu.c...
compiling bim_wdt.c...
compiling rf_xvr.c...
compiling bim_adc.c...
compiling bim_uart2.c...
compiling driver_usb.c...
compiling usb.c...
compiling usb_desc.c...
compiling usbclass.c...
linking...
Program Size: Code=11612 RO-data=316 RW-data=88 ZI-data=40872  
After Build - User command #1: fromelf --bin --output .\output\bk3633_boot.bin .\obj\bk3633_boot.axf
After Build - User command #2: .\output\encrypt_bim.bat

E:\work\BK3633\code\internal\BK3633_BLE\SDK\projects\boot_usb_central>.\output\encrypt.exe .\output\bk3633_boot.bin 00000000 
/**< @author <luoyao@bekencorp.com> */
/**< @version v0.2 */
 Encrypt Seccessfully!
 -FileSize: 0x31f0

E:\work\BK3633\code\internal\BK3633_BLE\SDK\projects\boot_usb_central>copy .\output\bk3633_boot.bin ..\app_gatt_central\output\boot 
已复制         1 个文件。
".\obj\bk3633_boot.axf" - 0 Error(s), 1 Warning(s).
Build target 'BK3435_bim'
compiling bim_app.c...
app\bim_app.c(443): warning:  #223-D: function "arm9_enable_alignfault" declared implicitly      arm9_enable_alignfault();
app\bim_app.c: 1 warning, 0 errors
compiling bim_intc.c...
compiling bim_updataImage.c...
assembling bim_vectors.s...
assembling bim_handlers.s...
compiling bim_flash.c...
compiling bim_gpio.c...
compiling bim_icu.c...
compiling bim_wdt.c...
compiling rf_xvr.c...
compiling bim_adc.c...
compiling bim_uart2.c...
compiling driver_usb.c...
usb\driver_usb.c(324): warning:  #177-D: variable "sz" was declared but never referenced      int sz;
usb\driver_usb.c(339): warning:  #550-D: variable "csr1" was set but never used      UI16 csr1;
usb\driver_usb.c: 2 warnings, 0 errors
compiling usb.c...
compiling usb_desc.c...
compiling usbclass.c...
linking...
Program Size: Code=11564 RO-data=316 RW-data=88 ZI-data=40872  
After Build - User command #1: fromelf --bin --output .\output\bk3633_boot.bin .\obj\bk3633_boot.axf
After Build - User command #2: .\output\encrypt_bim.bat

E:\work\BK3633\code\internal\BK3633_BLE\SDK\projects\boot_usb_for_mouse>.\output\encrypt.exe .\output\bk3633_boot.bin 00000000 
/**< @author <luoyao@bekencorp.com> */
/**< @version v0.2 */
 Encrypt Seccessfully!
 -FileSize: 0x31ac

E:\work\BK3633\code\internal\BK3633_BLE\SDK\projects\boot_usb_for_mouse>copy .\output\bk3633_boot.bin ..\app_mouse\output\boot 
已复制         1 个文件。
".\obj\bk3633_boot.axf" - 0 Error(s), 3 Warning(s).
Build target 'Target1'
compiling debug_uart.c...
compiling stack_intc.c...
compiling stack_main.c...
assembling stack_vectors.s...
assembling stack_handlers.s...
compiling ecc_p256.c...
compiling h4tl.c...
compiling ke.c...
compiling ke_event.c...
compiling ke_mem.c...
compiling ke_msg.c...
compiling ke_queue.c...
compiling ke_task.c...
compiling ke_timer.c...
compiling ble_util_buf.c...
compiling llc.c...
compiling llc_chmap_upd.c...
compiling llc_clk_acc.c...
compiling llc_con_upd.c...
compiling llc_cte.c...
compiling llc_dbg.c...
compiling llc_disconnect.c...
compiling llc_dl_upd.c...
compiling llc_encrypt.c...
compiling llc_feat_exch.c...
compiling llc_hci.c...
compiling llc_le_ping.c...
compiling llc_llcp.c...
compiling llc_past.c...
compiling llc_phy_upd.c...
compiling llc_task.c...
compiling llc_ver_exch.c...
compiling lld.c...
compiling lld_adv.c...
compiling lld_con.c...
compiling lld_init.c...
compiling lld_per_adv.c...
compiling lld_scan.c...
compiling lld_sync.c...
compiling lld_test.c...
..\..\Src\ip\ble\ll\src\lld\lld_test.c(916): warning:  #61-D: integer operation result is out of range                      reg &= ~(1<<31);
..\..\Src\ip\ble\ll\src\lld\lld_test.c: 1 warning, 0 errors
compiling llm.c...
compiling llm_adv.c...
compiling llm_hci.c...
compiling llm_init.c...
compiling llm_scan.c...
compiling llm_task.c...
..\..\Src\ip\ble\ll\src\llm\llm_task.c(216): warning:  #61-D: integer operation result is out of range              reg |= (1<<31);
..\..\Src\ip\ble\ll\src\llm\llm_task.c(216): warning:  #68-D: integer conversion resulted in a change of sign              reg |= (1<<31);
..\..\Src\ip\ble\ll\src\llm\llm_task.c: 2 warnings, 0 errors
compiling llm_test.c...
..\..\Src\ip\ble\ll\src\llm\llm_test.c(355): warning:  #61-D: integer operation result is out of range          reg &= ~(1<<31);
..\..\Src\ip\ble\ll\src\llm\llm_test.c: 1 warning, 0 errors
compiling bt_util_buf.c...
compiling bt_util_key.c...
compiling bt_util_lmp.c...
compiling bt_util_sp.c...
compiling lb.c...
compiling lb_task.c...
compiling lc.c...
compiling lc_lmppdu.c...
compiling lc_sco.c...
compiling lc_sniff.c...
compiling lc_task.c...
compiling lc_util.c...
compiling lm_sco.c...
compiling ld.c...
compiling ld_acl.c...
compiling ld_bcst.c...
compiling ld_csb_rx.c...
compiling ld_csb_tx.c...
compiling ld_inq.c...
compiling ld_iscan.c...
compiling ld_page.c...
compiling ld_pca.c...
compiling ld_pscan.c...
compiling ld_sscan.c...
compiling ld_strain.c...
compiling ld_util.c...
compiling lm.c...
compiling lm_task.c...
compiling hci.c...
compiling hci_fc.c...
compiling hci_msg.c...
compiling hci_tl.c...
compiling sch_alarm.c...
compiling sch_arb.c...
compiling sch_plan.c...
compiling sch_prog.c...
compiling sch_slice.c...
compiling aes.c...
compiling aes_c1.c...
compiling aes_ccm.c...
compiling aes_cmac.c...
compiling aes_f4.c...
compiling aes_f5.c...
compiling aes_f6.c...
compiling aes_g2.c...
compiling aes_k1.c...
compiling aes_k2.c...
compiling aes_k3.c...
compiling aes_k4.c...
compiling aes_rpa.c...
compiling aes_s1.c...
compiling co_list.c...
compiling co_utils.c...
compiling rwip_driver.c...
compiling gapc.c...
compiling gapc_cte.c...
compiling gapc_hci.c...
compiling gapc_past.c...
compiling gapc_sig.c...
compiling gapc_smp.c...
compiling gapc_task.c...
compiling gapm.c...
compiling gapm_actv.c...
compiling gapm_addr.c...
compiling gapm_adv.c...
compiling gapm_cfg.c...
compiling gapm_init.c...
compiling gapm_list.c...
compiling gapm_per_sync.c...
compiling gapm_scan.c...
compiling gapm_smp.c...
compiling gapm_task.c...
compiling attc.c...
compiling attm.c...
compiling attm_db.c...
compiling atts.c...
compiling gattc.c...
compiling gattc_rc.c...
compiling gattc_sdp.c...
compiling gattc_svc.c...
compiling gattc_task.c...
compiling gattm.c...
compiling gattm_task.c...
compiling l2cc.c...
compiling l2cc_lecb.c...
compiling l2cc_pdu.c...
compiling l2cc_sig.c...
compiling l2cc_task.c...
compiling l2cm.c...
compiling rwble_hl.c...
linking...
Program Size: Code=133172 RO-data=9280 RW-data=168 ZI-data=3904  
After Build - User command #1: fromelf --bin --output .\output\bk3633_stack.bin .\obj\bk3633_stack.axf
After Build - User command #2: .\output\copy_to_project.bat

E:\work\BK3633\code\internal\BK3633_BLE\SDK\projects\stack>copy .\lnk\peripheral_stack_symbol.txt ..\..\src\system\ 
已复制         1 个文件。

E:\work\BK3633\code\internal\BK3633_BLE\SDK\projects\stack>copy .\output\bk3633_stack.bin ..\app_ancs\output\stack 
已复制         1 个文件。

E:\work\BK3633\code\internal\BK3633_BLE\SDK\projects\stack>copy .\output\bk3633_stack.bin ..\app_gatt\output\stack 
已复制         1 个文件。

E:\work\BK3633\code\internal\BK3633_BLE\SDK\projects\stack>copy .\output\bk3633_stack.bin ..\app_rc\output\stack 
已复制         1 个文件。

E:\work\BK3633\code\internal\BK3633_BLE\SDK\projects\stack>copy .\output\bk3633_stack.bin ..\app_gatt_ftmp\output\stack 
系统找不到指定的路径。
已复制         0 个文件。

E:\work\BK3633\code\internal\BK3633_BLE\SDK\projects\stack>copy .\output\bk3633_stack.bin ..\app_multi_bond\output\stack 
已复制         1 个文件。

E:\work\BK3633\code\internal\BK3633_BLE\SDK\projects\stack>copy .\output\bk3633_stack.bin ..\app_gatt_IRK_connect\output\stack 
已复制         1 个文件。

E:\work\BK3633\code\internal\BK3633_BLE\SDK\projects\stack>copy .\output\bk3633_stack.bin ..\app_hilink\output\stack 
已复制         1 个文件。

E:\work\BK3633\code\internal\BK3633_BLE\SDK\projects\stack>copy .\output\bk3633_stack.bin ..\app_gatt_rtos\output\stack 
已复制         1 个文件。

E:\work\BK3633\code\internal\BK3633_BLE\SDK\projects\stack>copy .\output\translate.bat ..\app_ancs\output 
已复制         1 个文件。

E:\work\BK3633\code\internal\BK3633_BLE\SDK\projects\stack>copy .\output\translate.bat ..\app_gatt\output 
已复制         1 个文件。

E:\work\BK3633\code\internal\BK3633_BLE\SDK\projects\stack>copy .\output\translate.bat ..\app_rc\output 
已复制         1 个文件。

E:\work\BK3633\code\internal\BK3633_BLE\SDK\projects\stack>copy .\output\translate.bat ..\app_gatt_ftmp\output 
系统找不到指定的路径。
已复制         0 个文件。

E:\work\BK3633\code\internal\BK3633_BLE\SDK\projects\stack>copy .\output\translate.bat ..\app_multi_bond\output 
已复制         1 个文件。

E:\work\BK3633\code\internal\BK3633_BLE\SDK\projects\stack>copy .\output\translate.bat ..\app_gatt_IRK_connect\output 
已复制         1 个文件。

E:\work\BK3633\code\internal\BK3633_BLE\SDK\projects\stack>copy .\output\translate.bat ..\app_hilink\output 
已复制         1 个文件。

E:\work\BK3633\code\internal\BK3633_BLE\SDK\projects\stack>copy .\output\translate.bat ..\app_gatt_rtos\output 
已复制         1 个文件。
".\obj\bk3633_stack.axf" - 0 Error(s), 4 Warning(s).
Build target 'Target1'
compiling debug_uart.c...
compiling stack_intc.c...
compiling stack_main.c...
assembling stack_vectors.s...
assembling stack_handlers.s...
compiling ecc_p256.c...
compiling h4tl.c...
compiling ke.c...
compiling ke_event.c...
compiling ke_mem.c...
compiling ke_msg.c...
compiling ke_queue.c...
compiling ke_task.c...
compiling ke_timer.c...
compiling ble_util_buf.c...
compiling llc.c...
compiling llc_chmap_upd.c...
compiling llc_clk_acc.c...
compiling llc_con_upd.c...
compiling llc_cte.c...
compiling llc_dbg.c...
compiling llc_disconnect.c...
compiling llc_dl_upd.c...
compiling llc_encrypt.c...
compiling llc_feat_exch.c...
compiling llc_hci.c...
compiling llc_le_ping.c...
compiling llc_llcp.c...
compiling llc_past.c...
compiling llc_phy_upd.c...
compiling llc_task.c...
compiling llc_ver_exch.c...
compiling lld.c...
compiling lld_adv.c...
compiling lld_con.c...
compiling lld_init.c...
compiling lld_per_adv.c...
compiling lld_scan.c...
compiling lld_sync.c...
compiling lld_test.c...
..\..\Src\ip\ble\ll\src\lld\lld_test.c(916): warning:  #61-D: integer operation result is out of range                      reg &= ~(1<<31);
..\..\Src\ip\ble\ll\src\lld\lld_test.c: 1 warning, 0 errors
compiling llm.c...
compiling llm_adv.c...
compiling llm_hci.c...
compiling llm_init.c...
compiling llm_scan.c...
compiling llm_task.c...
..\..\Src\ip\ble\ll\src\llm\llm_task.c(216): warning:  #61-D: integer operation result is out of range              reg |= (1<<31);
..\..\Src\ip\ble\ll\src\llm\llm_task.c(216): warning:  #68-D: integer conversion resulted in a change of sign              reg |= (1<<31);
..\..\Src\ip\ble\ll\src\llm\llm_task.c: 2 warnings, 0 errors
compiling llm_test.c...
..\..\Src\ip\ble\ll\src\llm\llm_test.c(355): warning:  #61-D: integer operation result is out of range          reg &= ~(1<<31);
..\..\Src\ip\ble\ll\src\llm\llm_test.c: 1 warning, 0 errors
compiling bt_util_buf.c...
compiling bt_util_key.c...
compiling bt_util_lmp.c...
compiling bt_util_sp.c...
compiling lb.c...
compiling lb_task.c...
compiling lc.c...
compiling lc_lmppdu.c...
compiling lc_sco.c...
compiling lc_sniff.c...
compiling lc_task.c...
compiling lc_util.c...
compiling lm_sco.c...
compiling ld.c...
compiling ld_acl.c...
compiling ld_bcst.c...
compiling ld_csb_rx.c...
compiling ld_csb_tx.c...
compiling ld_inq.c...
compiling ld_iscan.c...
compiling ld_page.c...
compiling ld_pca.c...
compiling ld_pscan.c...
compiling ld_sscan.c...
compiling ld_strain.c...
compiling ld_util.c...
compiling lm.c...
compiling lm_task.c...
compiling hci.c...
compiling hci_fc.c...
compiling hci_msg.c...
compiling hci_tl.c...
compiling sch_alarm.c...
compiling sch_arb.c...
compiling sch_plan.c...
compiling sch_prog.c...
compiling sch_slice.c...
compiling aes.c...
compiling aes_c1.c...
compiling aes_ccm.c...
compiling aes_cmac.c...
compiling aes_f4.c...
compiling aes_f5.c...
compiling aes_f6.c...
compiling aes_g2.c...
compiling aes_k1.c...
compiling aes_k2.c...
compiling aes_k3.c...
compiling aes_k4.c...
compiling aes_rpa.c...
compiling aes_s1.c...
compiling co_list.c...
compiling co_utils.c...
compiling rwip_driver.c...
compiling gapc.c...
compiling gapc_cte.c...
compiling gapc_hci.c...
compiling gapc_past.c...
compiling gapc_sig.c...
compiling gapc_smp.c...
compiling gapc_task.c...
compiling gapm.c...
compiling gapm_actv.c...
compiling gapm_addr.c...
compiling gapm_adv.c...
compiling gapm_cfg.c...
compiling gapm_init.c...
compiling gapm_list.c...
compiling gapm_per_sync.c...
compiling gapm_scan.c...
..\..\Src\ip\ble\hl\src\gap\gapm\gapm_scan.c(486): warning:  #177-D: variable "filter" was declared but never referenced      bool filter;
..\..\Src\ip\ble\hl\src\gap\gapm\gapm_scan.c(381): warning:  #177-D: function "gapm_scan_filter_packet" was declared but never referenced  __STATIC bool gapm_scan_filter_packet(struct gapm_actv_scan_tag *p_scan_actv,
..\..\Src\ip\ble\hl\src\gap\gapm\gapm_scan.c: 2 warnings, 0 errors
compiling gapm_smp.c...
compiling gapm_task.c...
compiling attc.c...
compiling attm.c...
compiling attm_db.c...
compiling atts.c...
compiling gattc.c...
compiling gattc_rc.c...
compiling gattc_sdp.c...
compiling gattc_svc.c...
compiling gattc_task.c...
compiling gattm.c...
compiling gattm_task.c...
compiling l2cc.c...
compiling l2cc_lecb.c...
compiling l2cc_pdu.c...
compiling l2cc_sig.c...
compiling l2cc_task.c...
compiling l2cm.c...
compiling rwble_hl.c...
linking...
Program Size: Code=161592 RO-data=9732 RW-data=144 ZI-data=5344  
After Build - User command #1: fromelf --bin --output .\output\bk3633_stack.bin .\obj\bk3633_stack.axf
After Build - User command #2: .\output\copy_to_project.bat

E:\work\BK3633\code\internal\BK3633_BLE\SDK\projects\stack_all_roles>copy .\lnk\all_roles_stack_symbol.txt ..\..\src\system\ 
已复制         1 个文件。

E:\work\BK3633\code\internal\BK3633_BLE\SDK\projects\stack_all_roles>copy .\output\bk3633_stack.bin ..\app_gatt_all_roles\output\stack 
已复制         1 个文件。

E:\work\BK3633\code\internal\BK3633_BLE\SDK\projects\stack_all_roles>copy .\output\translate.bat ..\app_gatt_all_roles\output 
已复制         1 个文件。

E:\work\BK3633\code\internal\BK3633_BLE\SDK\projects\stack_all_roles>copy .\output\bk3633_stack.bin ..\app_gatt_2_master_3_slave\output\stack 
已复制         1 个文件。

E:\work\BK3633\code\internal\BK3633_BLE\SDK\projects\stack_all_roles>copy .\output\translate.bat ..\app_gatt_2_master_3_slave\output 
已复制         1 个文件。

E:\work\BK3633\code\internal\BK3633_BLE\SDK\projects\stack_all_roles>copy .\output\bk3633_stack.bin ..\app_gatt_all_roles_for_mesh\output\stack 
系统找不到指定的路径。
已复制         0 个文件。

E:\work\BK3633\code\internal\BK3633_BLE\SDK\projects\stack_all_roles>copy .\output\translate.bat ..\app_gatt_all_roles_for_mesh\output 
系统找不到指定的路径。
已复制         0 个文件。
".\obj\bk3633_stack.axf" - 0 Error(s), 6 Warning(s).
Build target 'Target1'
compiling ecc_p256.c...
compiling h4tl.c...
compiling ke.c...
compiling ke_event.c...
compiling ke_mem.c...
compiling ke_msg.c...
compiling ke_queue.c...
compiling ke_task.c...
compiling ke_timer.c...
compiling ble_util_buf.c...
compiling llc.c...
compiling llc_chmap_upd.c...
compiling llc_clk_acc.c...
compiling llc_con_upd.c...
compiling llc_cte.c...
compiling llc_dbg.c...
compiling llc_disconnect.c...
compiling llc_dl_upd.c...
compiling llc_encrypt.c...
compiling llc_feat_exch.c...
compiling llc_hci.c...
compiling llc_le_ping.c...
compiling llc_llcp.c...
compiling llc_past.c...
compiling llc_phy_upd.c...
compiling llc_task.c...
compiling llc_ver_exch.c...
compiling lld.c...
compiling lld_adv.c...
compiling lld_con.c...
compiling lld_init.c...
compiling lld_per_adv.c...
compiling lld_scan.c...
compiling lld_sync.c...
compiling lld_test.c...
..\..\Src\ip\ble\ll\src\lld\lld_test.c(916): warning:  #61-D: integer operation result is out of range                      reg &= ~(1<<31);
..\..\Src\ip\ble\ll\src\lld\lld_test.c: 1 warning, 0 errors
compiling llm.c...
compiling llm_adv.c...
compiling llm_hci.c...
compiling llm_init.c...
compiling llm_scan.c...
compiling llm_task.c...
..\..\Src\ip\ble\ll\src\llm\llm_task.c(216): warning:  #61-D: integer operation result is out of range              reg |= (1<<31);
..\..\Src\ip\ble\ll\src\llm\llm_task.c(216): warning:  #68-D: integer conversion resulted in a change of sign              reg |= (1<<31);
..\..\Src\ip\ble\ll\src\llm\llm_task.c: 2 warnings, 0 errors
compiling llm_test.c...
..\..\Src\ip\ble\ll\src\llm\llm_test.c(355): warning:  #61-D: integer operation result is out of range          reg &= ~(1<<31);
..\..\Src\ip\ble\ll\src\llm\llm_test.c: 1 warning, 0 errors
compiling bt_util_buf.c...
compiling bt_util_key.c...
compiling bt_util_lmp.c...
compiling bt_util_sp.c...
compiling lb.c...
compiling lb_task.c...
compiling lc.c...
compiling lc_lmppdu.c...
compiling lc_sco.c...
compiling lc_sniff.c...
compiling lc_task.c...
compiling lc_util.c...
compiling lm_sco.c...
compiling ld.c...
compiling ld_acl.c...
compiling ld_bcst.c...
compiling ld_csb_rx.c...
compiling ld_csb_tx.c...
compiling ld_inq.c...
compiling ld_iscan.c...
compiling ld_page.c...
compiling ld_pca.c...
compiling ld_pscan.c...
compiling ld_sscan.c...
compiling ld_strain.c...
compiling ld_util.c...
compiling lm.c...
compiling lm_task.c...
compiling hci.c...
compiling hci_fc.c...
compiling hci_msg.c...
compiling hci_tl.c...
compiling sch_alarm.c...
compiling sch_arb.c...
compiling sch_plan.c...
compiling sch_prog.c...
compiling sch_slice.c...
compiling aes.c...
compiling aes_c1.c...
compiling aes_ccm.c...
compiling aes_cmac.c...
compiling aes_f4.c...
compiling aes_f5.c...
compiling aes_f6.c...
compiling aes_g2.c...
compiling aes_k1.c...
compiling aes_k2.c...
compiling aes_k3.c...
compiling aes_k4.c...
compiling aes_rpa.c...
compiling aes_s1.c...
compiling co_list.c...
compiling co_utils.c...
compiling rwip_driver.c...
compiling gapc.c...
compiling gapc_cte.c...
compiling gapc_hci.c...
compiling gapc_past.c...
compiling gapc_sig.c...
compiling gapc_smp.c...
compiling gapc_task.c...
compiling gapm.c...
compiling gapm_actv.c...
compiling gapm_addr.c...
compiling gapm_adv.c...
compiling gapm_cfg.c...
compiling gapm_init.c...
compiling gapm_list.c...
compiling gapm_per_sync.c...
compiling gapm_scan.c...
..\..\Src\ip\ble\hl\src\gap\gapm\gapm_scan.c(486): warning:  #177-D: variable "filter" was declared but never referenced      bool filter;
..\..\Src\ip\ble\hl\src\gap\gapm\gapm_scan.c(381): warning:  #177-D: function "gapm_scan_filter_packet" was declared but never referenced  __STATIC bool gapm_scan_filter_packet(struct gapm_actv_scan_tag *p_scan_actv,
..\..\Src\ip\ble\hl\src\gap\gapm\gapm_scan.c: 2 warnings, 0 errors
compiling gapm_smp.c...
compiling gapm_task.c...
compiling attc.c...
compiling attm.c...
compiling attm_db.c...
compiling atts.c...
compiling gattc.c...
compiling gattc_rc.c...
compiling gattc_sdp.c...
compiling gattc_svc.c...
compiling gattc_task.c...
compiling gattm.c...
compiling gattm_task.c...
compiling l2cc.c...
compiling l2cc_lecb.c...
compiling l2cc_pdu.c...
compiling l2cc_sig.c...
compiling l2cc_task.c...
compiling l2cm.c...
compiling rwble_hl.c...
creating Library...
After Build - User command #1: fromelf --bin --output .\output\bk3633_stack.bin .\obj\bk3633_stack.axf
".\obj\bk3633_stack.axf": Error: Q0122E: Could not open file '.\obj\bk3633_stack.axf': No such file or directory
Finished: 0 information, 0 warning and 1 error messages.
After Build - User command #2: .\output\copy_to_project.bat

E:\work\BK3633\code\internal\BK3633_BLE\SDK\projects\stack_all_roles_lib_jtag>copy .\obj\bk3633_stack.lib ..\app_gatt_all_roles_jtag\lib 
已复制         1 个文件。
".\obj\bk3633_stack.lib" - 0 Error(s), 6 Warning(s).
Build target 'Target1'
compiling debug_uart.c...
compiling stack_intc.c...
compiling stack_main.c...
assembling stack_vectors.s...
assembling stack_handlers.s...
compiling ecc_p256.c...
compiling h4tl.c...
compiling ke.c...
compiling ke_event.c...
compiling ke_mem.c...
compiling ke_msg.c...
compiling ke_queue.c...
compiling ke_task.c...
compiling ke_timer.c...
compiling ble_util_buf.c...
compiling llc.c...
compiling llc_chmap_upd.c...
compiling llc_clk_acc.c...
compiling llc_con_upd.c...
compiling llc_cte.c...
compiling llc_dbg.c...
compiling llc_disconnect.c...
compiling llc_dl_upd.c...
compiling llc_encrypt.c...
compiling llc_feat_exch.c...
compiling llc_hci.c...
compiling llc_le_ping.c...
compiling llc_llcp.c...
compiling llc_past.c...
compiling llc_phy_upd.c...
compiling llc_task.c...
compiling llc_ver_exch.c...
compiling lld.c...
compiling lld_adv.c...
compiling lld_con.c...
compiling lld_init.c...
compiling lld_per_adv.c...
compiling lld_scan.c...
compiling lld_sync.c...
compiling lld_test.c...
..\..\Src\ip\ble\ll\src\lld\lld_test.c(916): warning:  #61-D: integer operation result is out of range                      reg &= ~(1<<31);
..\..\Src\ip\ble\ll\src\lld\lld_test.c: 1 warning, 0 errors
compiling llm.c...
compiling llm_adv.c...
compiling llm_hci.c...
compiling llm_init.c...
compiling llm_scan.c...
compiling llm_task.c...
..\..\Src\ip\ble\ll\src\llm\llm_task.c(216): warning:  #61-D: integer operation result is out of range              reg |= (1<<31);
..\..\Src\ip\ble\ll\src\llm\llm_task.c(216): warning:  #68-D: integer conversion resulted in a change of sign              reg |= (1<<31);
..\..\Src\ip\ble\ll\src\llm\llm_task.c: 2 warnings, 0 errors
compiling llm_test.c...
..\..\Src\ip\ble\ll\src\llm\llm_test.c(355): warning:  #61-D: integer operation result is out of range          reg &= ~(1<<31);
..\..\Src\ip\ble\ll\src\llm\llm_test.c: 1 warning, 0 errors
compiling bt_util_buf.c...
compiling bt_util_key.c...
compiling bt_util_lmp.c...
compiling bt_util_sp.c...
compiling lb.c...
compiling lb_task.c...
compiling lc.c...
compiling lc_lmppdu.c...
compiling lc_sco.c...
compiling lc_sniff.c...
compiling lc_task.c...
compiling lc_util.c...
compiling lm_sco.c...
compiling ld.c...
compiling ld_acl.c...
compiling ld_bcst.c...
compiling ld_csb_rx.c...
compiling ld_csb_tx.c...
compiling ld_inq.c...
compiling ld_iscan.c...
compiling ld_page.c...
compiling ld_pca.c...
compiling ld_pscan.c...
compiling ld_sscan.c...
compiling ld_strain.c...
compiling ld_util.c...
compiling lm.c...
compiling lm_task.c...
compiling hci.c...
compiling hci_fc.c...
compiling hci_msg.c...
compiling hci_tl.c...
compiling sch_alarm.c...
compiling sch_arb.c...
compiling sch_plan.c...
compiling sch_prog.c...
compiling sch_slice.c...
compiling aes.c...
compiling aes_c1.c...
compiling aes_ccm.c...
compiling aes_cmac.c...
compiling aes_f4.c...
compiling aes_f5.c...
compiling aes_f6.c...
compiling aes_g2.c...
compiling aes_k1.c...
compiling aes_k2.c...
compiling aes_k3.c...
compiling aes_k4.c...
compiling aes_rpa.c...
compiling aes_s1.c...
compiling co_list.c...
compiling co_utils.c...
compiling rwip_driver.c...
compiling gapc.c...
compiling gapc_cte.c...
compiling gapc_hci.c...
compiling gapc_past.c...
compiling gapc_sig.c...
compiling gapc_smp.c...
compiling gapc_task.c...
compiling gapm.c...
compiling gapm_actv.c...
compiling gapm_addr.c...
compiling gapm_adv.c...
compiling gapm_cfg.c...
compiling gapm_init.c...
compiling gapm_list.c...
compiling gapm_per_sync.c...
compiling gapm_scan.c...
..\..\Src\ip\ble\hl\src\gap\gapm\gapm_scan.c(486): warning:  #177-D: variable "filter" was declared but never referenced      bool filter;
..\..\Src\ip\ble\hl\src\gap\gapm\gapm_scan.c(381): warning:  #177-D: function "gapm_scan_filter_packet" was declared but never referenced  __STATIC bool gapm_scan_filter_packet(struct gapm_actv_scan_tag *p_scan_actv,
..\..\Src\ip\ble\hl\src\gap\gapm\gapm_scan.c: 2 warnings, 0 errors
compiling gapm_smp.c...
compiling gapm_task.c...
compiling attc.c...
compiling attm.c...
compiling attm_db.c...
compiling atts.c...
compiling gattc.c...
compiling gattc_rc.c...
compiling gattc_sdp.c...
compiling gattc_svc.c...
compiling gattc_task.c...
compiling gattm.c...
compiling gattm_task.c...
compiling l2cc.c...
compiling l2cc_lecb.c...
compiling l2cc_pdu.c...
compiling l2cc_sig.c...
compiling l2cc_task.c...
compiling l2cm.c...
compiling rwble_hl.c...
linking...
Program Size: Code=137508 RO-data=9280 RW-data=152 ZI-data=4524  
After Build - User command #1: fromelf --bin --output .\output\bk3633_stack.bin .\obj\bk3633_stack.axf
After Build - User command #2: .\output\copy_to_project.bat

E:\work\BK3633\code\internal\BK3633_BLE\SDK\projects\stack_central>copy .\lnk\center_stack_symbol.txt ..\..\src\system\ 
已复制         1 个文件。

E:\work\BK3633\code\internal\BK3633_BLE\SDK\projects\stack_central>copy .\output\bk3633_stack.bin ..\app_gatt_central\output\stack 
已复制         1 个文件。

E:\work\BK3633\code\internal\BK3633_BLE\SDK\projects\stack_central>copy .\output\translate.bat ..\app_gatt_central\output 
已复制         1 个文件。
".\obj\bk3633_stack.axf" - 0 Error(s), 6 Warning(s).
Build target 'Target1'
compiling debug_uart.c...
compiling stack_intc.c...
compiling stack_main.c...
assembling stack_vectors.s...
assembling stack_handlers.s...
compiling ecc_p256.c...
compiling h4tl.c...
compiling ke.c...
compiling ke_event.c...
compiling ke_mem.c...
compiling ke_msg.c...
compiling ke_queue.c...
compiling ke_task.c...
compiling ke_timer.c...
compiling ble_util_buf.c...
compiling llc.c...
compiling llc_chmap_upd.c...
compiling llc_clk_acc.c...
compiling llc_con_upd.c...
compiling llc_cte.c...
compiling llc_dbg.c...
compiling llc_disconnect.c...
compiling llc_dl_upd.c...
compiling llc_encrypt.c...
compiling llc_feat_exch.c...
compiling llc_hci.c...
compiling llc_le_ping.c...
compiling llc_llcp.c...
compiling llc_past.c...
compiling llc_phy_upd.c...
compiling llc_task.c...
compiling llc_ver_exch.c...
compiling lld.c...
compiling lld_adv.c...
compiling lld_con.c...
compiling lld_init.c...
compiling lld_per_adv.c...
compiling lld_scan.c...
compiling lld_sync.c...
compiling lld_test.c...
..\..\Src\ip\ble\ll\src\lld\lld_test.c(916): warning:  #61-D: integer operation result is out of range                      reg &= ~(1<<31);
..\..\Src\ip\ble\ll\src\lld\lld_test.c: 1 warning, 0 errors
compiling llm.c...
compiling llm_adv.c...
compiling llm_hci.c...
compiling llm_init.c...
compiling llm_scan.c...
compiling llm_task.c...
..\..\Src\ip\ble\ll\src\llm\llm_task.c(216): warning:  #61-D: integer operation result is out of range              reg |= (1<<31);
..\..\Src\ip\ble\ll\src\llm\llm_task.c(216): warning:  #68-D: integer conversion resulted in a change of sign              reg |= (1<<31);
..\..\Src\ip\ble\ll\src\llm\llm_task.c: 2 warnings, 0 errors
compiling llm_test.c...
..\..\Src\ip\ble\ll\src\llm\llm_test.c(355): warning:  #61-D: integer operation result is out of range          reg &= ~(1<<31);
..\..\Src\ip\ble\ll\src\llm\llm_test.c: 1 warning, 0 errors
compiling bt_util_buf.c...
compiling bt_util_key.c...
compiling bt_util_lmp.c...
compiling bt_util_sp.c...
compiling lb.c...
compiling lb_task.c...
compiling lc.c...
compiling lc_lmppdu.c...
compiling lc_sco.c...
compiling lc_sniff.c...
compiling lc_task.c...
compiling lc_util.c...
compiling lm_sco.c...
compiling ld.c...
compiling ld_acl.c...
compiling ld_bcst.c...
compiling ld_csb_rx.c...
compiling ld_csb_tx.c...
compiling ld_inq.c...
compiling ld_iscan.c...
compiling ld_page.c...
compiling ld_pca.c...
compiling ld_pscan.c...
compiling ld_sscan.c...
compiling ld_strain.c...
compiling ld_util.c...
compiling lm.c...
compiling lm_task.c...
compiling hci.c...
compiling hci_fc.c...
compiling hci_msg.c...
compiling hci_tl.c...
compiling sch_alarm.c...
compiling sch_arb.c...
compiling sch_plan.c...
compiling sch_prog.c...
compiling sch_slice.c...
compiling aes.c...
compiling aes_c1.c...
compiling aes_ccm.c...
compiling aes_cmac.c...
compiling aes_f4.c...
compiling aes_f5.c...
compiling aes_f6.c...
compiling aes_g2.c...
compiling aes_k1.c...
compiling aes_k2.c...
compiling aes_k3.c...
compiling aes_k4.c...
compiling aes_rpa.c...
compiling aes_s1.c...
compiling co_list.c...
compiling co_utils.c...
compiling rwip_driver.c...
compiling gapc.c...
compiling gapc_cte.c...
compiling gapc_hci.c...
compiling gapc_past.c...
compiling gapc_sig.c...
compiling gapc_smp.c...
compiling gapc_task.c...
compiling gapm.c...
compiling gapm_actv.c...
compiling gapm_addr.c...
compiling gapm_adv.c...
compiling gapm_cfg.c...
compiling gapm_init.c...
compiling gapm_list.c...
compiling gapm_per_sync.c...
compiling gapm_scan.c...
compiling gapm_smp.c...
compiling gapm_task.c...
compiling attc.c...
compiling attm.c...
compiling attm_db.c...
compiling atts.c...
compiling gattc.c...
compiling gattc_rc.c...
compiling gattc_sdp.c...
compiling gattc_svc.c...
compiling gattc_task.c...
compiling gattm.c...
compiling gattm_task.c...
compiling l2cc.c...
compiling l2cc_lecb.c...
compiling l2cc_pdu.c...
compiling l2cc_sig.c...
compiling l2cc_task.c...
compiling l2cm.c...
compiling rwble_hl.c...
linking...
Program Size: Code=101984 RO-data=8344 RW-data=128 ZI-data=4424  
After Build - User command #1: fromelf --bin --output .\output\bk3633_stack.bin .\obj\bk3633_stack.axf
After Build - User command #2: .\output\copy_to_project.bat

E:\work\BK3633\code\internal\BK3633_BLE\SDK\projects\stack_codesize_cut>copy .\lnk\peripheral_stack_symbol_codesize_cut.txt ..\..\src\system\ 
已复制         1 个文件。

E:\work\BK3633\code\internal\BK3633_BLE\SDK\projects\stack_codesize_cut>copy .\output\bk3633_stack.bin ..\app_gatt_codesize_cut\output\stack 
已复制         1 个文件。

E:\work\BK3633\code\internal\BK3633_BLE\SDK\projects\stack_codesize_cut>copy .\output\translate.bat ..\app_gatt_codesize_cut\output 
已复制         1 个文件。
".\obj\bk3633_stack.axf" - 0 Error(s), 4 Warning(s).
Build target 'Target1'
compiling debug_uart.c...
compiling stack_intc.c...
compiling stack_main.c...
assembling stack_vectors.s...
assembling stack_handlers.s...
compiling ecc_p256.c...
compiling h4tl.c...
compiling ke.c...
compiling ke_event.c...
compiling ke_mem.c...
compiling ke_msg.c...
compiling ke_queue.c...
compiling ke_task.c...
compiling ke_timer.c...
compiling ble_util_buf.c...
compiling llc.c...
compiling llc_chmap_upd.c...
compiling llc_clk_acc.c...
compiling llc_con_upd.c...
compiling llc_cte.c...
compiling llc_dbg.c...
compiling llc_disconnect.c...
compiling llc_dl_upd.c...
compiling llc_encrypt.c...
compiling llc_feat_exch.c...
compiling llc_hci.c...
compiling llc_le_ping.c...
compiling llc_llcp.c...
compiling llc_past.c...
compiling llc_phy_upd.c...
compiling llc_task.c...
compiling llc_ver_exch.c...
compiling lld.c...
compiling lld_adv.c...
compiling lld_con.c...
compiling lld_init.c...
compiling lld_per_adv.c...
compiling lld_scan.c...
compiling lld_sync.c...
compiling lld_test.c...
..\..\Src\ip\ble\ll\src\lld\lld_test.c(916): warning:  #61-D: integer operation result is out of range                      reg &= ~(1<<31);
..\..\Src\ip\ble\ll\src\lld\lld_test.c: 1 warning, 0 errors
compiling llm.c...
compiling llm_adv.c...
compiling llm_hci.c...
compiling llm_init.c...
compiling llm_scan.c...
compiling llm_task.c...
..\..\Src\ip\ble\ll\src\llm\llm_task.c(216): warning:  #61-D: integer operation result is out of range              reg |= (1<<31);
..\..\Src\ip\ble\ll\src\llm\llm_task.c(216): warning:  #68-D: integer conversion resulted in a change of sign              reg |= (1<<31);
..\..\Src\ip\ble\ll\src\llm\llm_task.c: 2 warnings, 0 errors
compiling llm_test.c...
..\..\Src\ip\ble\ll\src\llm\llm_test.c(355): warning:  #61-D: integer operation result is out of range          reg &= ~(1<<31);
..\..\Src\ip\ble\ll\src\llm\llm_test.c: 1 warning, 0 errors
compiling bt_util_buf.c...
compiling bt_util_key.c...
compiling bt_util_lmp.c...
compiling bt_util_sp.c...
compiling lb.c...
compiling lb_task.c...
compiling lc.c...
compiling lc_lmppdu.c...
compiling lc_sco.c...
compiling lc_sniff.c...
compiling lc_task.c...
compiling lc_util.c...
compiling lm_sco.c...
compiling ld.c...
compiling ld_acl.c...
compiling ld_bcst.c...
compiling ld_csb_rx.c...
compiling ld_csb_tx.c...
compiling ld_inq.c...
compiling ld_iscan.c...
compiling ld_page.c...
compiling ld_pca.c...
compiling ld_pscan.c...
compiling ld_sscan.c...
compiling ld_strain.c...
compiling ld_util.c...
compiling lm.c...
compiling lm_task.c...
compiling hci.c...
compiling hci_fc.c...
compiling hci_msg.c...
compiling hci_tl.c...
compiling sch_alarm.c...
compiling sch_arb.c...
compiling sch_plan.c...
compiling sch_prog.c...
compiling sch_slice.c...
compiling aes.c...
compiling aes_c1.c...
compiling aes_ccm.c...
compiling aes_cmac.c...
compiling aes_f4.c...
compiling aes_f5.c...
compiling aes_f6.c...
compiling aes_g2.c...
compiling aes_k1.c...
compiling aes_k2.c...
compiling aes_k3.c...
compiling aes_k4.c...
compiling aes_rpa.c...
compiling aes_s1.c...
compiling co_list.c...
compiling co_utils.c...
compiling rwip_driver.c...
compiling gapc.c...
compiling gapc_cte.c...
compiling gapc_hci.c...
compiling gapc_past.c...
compiling gapc_sig.c...
compiling gapc_smp.c...
compiling gapc_task.c...
compiling gapm.c...
compiling gapm_actv.c...
compiling gapm_addr.c...
compiling gapm_adv.c...
compiling gapm_cfg.c...
compiling gapm_init.c...
compiling gapm_list.c...
compiling gapm_per_sync.c...
compiling gapm_scan.c...
compiling gapm_smp.c...
compiling gapm_task.c...
compiling attc.c...
compiling attm.c...
compiling attm_db.c...
compiling atts.c...
compiling gattc.c...
compiling gattc_rc.c...
compiling gattc_sdp.c...
compiling gattc_svc.c...
compiling gattc_task.c...
compiling gattm.c...
compiling gattm_task.c...
compiling l2cc.c...
compiling l2cc_lecb.c...
compiling l2cc_pdu.c...
compiling l2cc_sig.c...
compiling l2cc_task.c...
compiling l2cm.c...
compiling rwble_hl.c...
linking...
.\lnk\link_stack.txt(32): warning: L6314W: No section matches pattern *(BLE_FIQ).Program Size: Code=133020 RO-data=9280 RW-data=168 ZI-data=3904  
Finished: 0 information, 1 warning and 0 error messages.
After Build - User command #1: fromelf --bin --output .\output\bk3633_stack.bin .\obj\bk3633_stack.axf
After Build - User command #2: .\output\copy_to_project.bat

E:\work\BK3633\code\internal\BK3633_BLE\SDK\projects\stack_mouse>copy .\lnk\mouse_stack_symbol.txt ..\..\src\system\ 
已复制         1 个文件。

E:\work\BK3633\code\internal\BK3633_BLE\SDK\projects\stack_mouse>copy .\output\bk3633_stack.bin ..\app_mouse\output\stack 
已复制         1 个文件。

E:\work\BK3633\code\internal\BK3633_BLE\SDK\projects\stack_mouse>copy .\output\translate.bat ..\app_mouse\output 
已复制         1 个文件。
".\obj\bk3633_stack.axf" - 0 Error(s), 5 Warning(s).
Build target 'Target1'
compiling debug_uart.c...
compiling stack_intc.c...
compiling stack_main.c...
assembling stack_vectors.s...
assembling stack_handlers.s...
compiling ecc_p256.c...
compiling h4tl.c...
compiling ke.c...
compiling ke_event.c...
compiling ke_mem.c...
compiling ke_msg.c...
compiling ke_queue.c...
compiling ke_task.c...
compiling ke_timer.c...
compiling ble_util_buf.c...
compiling llc.c...
compiling llc_chmap_upd.c...
compiling llc_clk_acc.c...
compiling llc_con_upd.c...
compiling llc_cte.c...
compiling llc_dbg.c...
compiling llc_disconnect.c...
compiling llc_dl_upd.c...
compiling llc_encrypt.c...
compiling llc_feat_exch.c...
compiling llc_hci.c...
compiling llc_le_ping.c...
compiling llc_llcp.c...
compiling llc_past.c...
compiling llc_phy_upd.c...
compiling llc_task.c...
compiling llc_ver_exch.c...
compiling lld.c...
compiling lld_adv.c...
compiling lld_con.c...
compiling lld_init.c...
compiling lld_per_adv.c...
compiling lld_scan.c...
compiling lld_sync.c...
compiling lld_test.c...
..\..\Src\ip\ble\ll\src\lld\lld_test.c(916): warning:  #61-D: integer operation result is out of range                      reg &= ~(1<<31);
..\..\Src\ip\ble\ll\src\lld\lld_test.c: 1 warning, 0 errors
compiling llm.c...
compiling llm_adv.c...
compiling llm_hci.c...
compiling llm_init.c...
compiling llm_scan.c...
compiling llm_task.c...
..\..\Src\ip\ble\ll\src\llm\llm_task.c(216): warning:  #61-D: integer operation result is out of range              reg |= (1<<31);
..\..\Src\ip\ble\ll\src\llm\llm_task.c(216): warning:  #68-D: integer conversion resulted in a change of sign              reg |= (1<<31);
..\..\Src\ip\ble\ll\src\llm\llm_task.c: 2 warnings, 0 errors
compiling llm_test.c...
..\..\Src\ip\ble\ll\src\llm\llm_test.c(355): warning:  #61-D: integer operation result is out of range          reg &= ~(1<<31);
..\..\Src\ip\ble\ll\src\llm\llm_test.c: 1 warning, 0 errors
compiling bt_util_buf.c...
compiling bt_util_key.c...
compiling bt_util_lmp.c...
compiling bt_util_sp.c...
compiling lb.c...
compiling lb_task.c...
compiling lc.c...
compiling lc_lmppdu.c...
compiling lc_sco.c...
compiling lc_sniff.c...
compiling lc_task.c...
compiling lc_util.c...
compiling lm_sco.c...
compiling ld.c...
compiling ld_acl.c...
compiling ld_bcst.c...
compiling ld_csb_rx.c...
compiling ld_csb_tx.c...
compiling ld_inq.c...
compiling ld_iscan.c...
compiling ld_page.c...
compiling ld_pca.c...
compiling ld_pscan.c...
compiling ld_sscan.c...
compiling ld_strain.c...
compiling ld_util.c...
compiling lm.c...
compiling lm_task.c...
compiling hci.c...
compiling hci_fc.c...
compiling hci_msg.c...
compiling hci_tl.c...
compiling sch_alarm.c...
compiling sch_arb.c...
compiling sch_plan.c...
compiling sch_prog.c...
compiling sch_slice.c...
compiling aes.c...
compiling aes_c1.c...
compiling aes_ccm.c...
compiling aes_cmac.c...
compiling aes_f4.c...
compiling aes_f5.c...
compiling aes_f6.c...
compiling aes_g2.c...
compiling aes_k1.c...
compiling aes_k2.c...
compiling aes_k3.c...
compiling aes_k4.c...
compiling aes_rpa.c...
compiling aes_s1.c...
compiling co_list.c...
compiling co_utils.c...
compiling rwip_driver.c...
compiling gapc.c...
compiling gapc_cte.c...
compiling gapc_hci.c...
compiling gapc_past.c...
compiling gapc_sig.c...
compiling gapc_smp.c...
compiling gapc_task.c...
compiling gapm.c...
compiling gapm_actv.c...
compiling gapm_addr.c...
compiling gapm_adv.c...
compiling gapm_cfg.c...
compiling gapm_init.c...
compiling gapm_list.c...
compiling gapm_per_sync.c...
compiling gapm_scan.c...
compiling gapm_smp.c...
compiling gapm_task.c...
compiling attc.c...
compiling attm.c...
compiling attm_db.c...
compiling atts.c...
compiling gattc.c...
compiling gattc_rc.c...
compiling gattc_sdp.c...
compiling gattc_svc.c...
compiling gattc_task.c...
compiling gattm.c...
compiling gattm_task.c...
compiling l2cc.c...
compiling l2cc_lecb.c...
compiling l2cc_pdu.c...
compiling l2cc_sig.c...
compiling l2cc_task.c...
compiling l2cm.c...
compiling rwble_hl.c...
linking...
Program Size: Code=132908 RO-data=9280 RW-data=128 ZI-data=4448  
After Build - User command #1: fromelf --bin --output .\output\bk3633_stack.bin .\obj\bk3633_stack.axf
After Build - User command #2: .\output\copy_to_project.bat

E:\work\BK3633\code\internal\BK3633_BLE\SDK\projects\stack_multi_connect>copy .\lnk\peripheral_stack_symbol_multi_connect.txt ..\..\src\system\ 
已复制         1 个文件。

E:\work\BK3633\code\internal\BK3633_BLE\SDK\projects\stack_multi_connect>copy .\output\bk3633_stack.bin ..\app_gatt_multi_connect\output\stack 
已复制         1 个文件。

E:\work\BK3633\code\internal\BK3633_BLE\SDK\projects\stack_multi_connect>copy .\output\translate.bat ..\app_gatt_multi_connect\output 
已复制         1 个文件。
".\obj\bk3633_stack.axf" - 0 Error(s), 4 Warning(s).
Build target 'Target1'
compiling ecc_p256.c...
compiling h4tl.c...
compiling ke.c...
compiling ke_event.c...
compiling ke_mem.c...
compiling ke_msg.c...
compiling ke_queue.c...
compiling ke_task.c...
compiling ke_timer.c...
compiling ble_util_buf.c...
compiling llc.c...
compiling llc_chmap_upd.c...
compiling llc_clk_acc.c...
compiling llc_con_upd.c...
compiling llc_cte.c...
compiling llc_dbg.c...
compiling llc_disconnect.c...
compiling llc_dl_upd.c...
compiling llc_encrypt.c...
compiling llc_feat_exch.c...
compiling llc_hci.c...
compiling llc_le_ping.c...
compiling llc_llcp.c...
compiling llc_past.c...
compiling llc_phy_upd.c...
compiling llc_task.c...
compiling llc_ver_exch.c...
compiling lld.c...
compiling lld_adv.c...
compiling lld_con.c...
compiling lld_init.c...
compiling lld_per_adv.c...
compiling lld_scan.c...
compiling lld_sync.c...
compiling lld_test.c...
..\..\Src\ip\ble\ll\src\lld\lld_test.c(916): warning:  #61-D: integer operation result is out of range                      reg &= ~(1<<31);
..\..\Src\ip\ble\ll\src\lld\lld_test.c: 1 warning, 0 errors
compiling llm.c...
compiling llm_adv.c...
compiling llm_hci.c...
compiling llm_init.c...
compiling llm_scan.c...
compiling llm_task.c...
..\..\Src\ip\ble\ll\src\llm\llm_task.c(216): warning:  #61-D: integer operation result is out of range              reg |= (1<<31);
..\..\Src\ip\ble\ll\src\llm\llm_task.c(216): warning:  #68-D: integer conversion resulted in a change of sign              reg |= (1<<31);
..\..\Src\ip\ble\ll\src\llm\llm_task.c: 2 warnings, 0 errors
compiling llm_test.c...
..\..\Src\ip\ble\ll\src\llm\llm_test.c(355): warning:  #61-D: integer operation result is out of range          reg &= ~(1<<31);
..\..\Src\ip\ble\ll\src\llm\llm_test.c: 1 warning, 0 errors
compiling bt_util_buf.c...
compiling bt_util_key.c...
compiling bt_util_lmp.c...
compiling bt_util_sp.c...
compiling lb.c...
compiling lb_task.c...
compiling lc.c...
compiling lc_lmppdu.c...
compiling lc_sco.c...
compiling lc_sniff.c...
compiling lc_task.c...
compiling lc_util.c...
compiling lm_sco.c...
compiling ld.c...
compiling ld_acl.c...
compiling ld_bcst.c...
compiling ld_csb_rx.c...
compiling ld_csb_tx.c...
compiling ld_inq.c...
compiling ld_iscan.c...
compiling ld_page.c...
compiling ld_pca.c...
compiling ld_pscan.c...
compiling ld_sscan.c...
compiling ld_strain.c...
compiling ld_util.c...
compiling lm.c...
compiling lm_task.c...
compiling hci.c...
compiling hci_fc.c...
compiling hci_msg.c...
compiling hci_tl.c...
compiling sch_alarm.c...
compiling sch_arb.c...
compiling sch_plan.c...
compiling sch_prog.c...
compiling sch_slice.c...
compiling aes.c...
compiling aes_c1.c...
compiling aes_ccm.c...
compiling aes_cmac.c...
compiling aes_f4.c...
compiling aes_f5.c...
compiling aes_f6.c...
compiling aes_g2.c...
compiling aes_k1.c...
compiling aes_k2.c...
compiling aes_k3.c...
compiling aes_k4.c...
compiling aes_rpa.c...
compiling aes_s1.c...
compiling co_list.c...
compiling co_utils.c...
compiling rwip_driver.c...
creating Library...
After Build - User command #1: .\output\translate.bat

E:\work\BK3633\code\internal\BK3633_BLE\SDK\projects\controller_lib>C:\Keil_v5\ARM\ARMCC\bin\fromelf .\obj\bk3633.axf --output .\output\bk3633.bin --bin 
系统找不到指定的路径。

E:\work\BK3633\code\internal\BK3633_BLE\SDK\projects\controller_lib>.\output\encrypt.exe .\output\bk3633.bin 00000000 
/**< @author <luoyao@bekencorp.com> */
/**< @version v0.2 */
 Encrypt Seccessfully!
 -FileSize: 0x21274

E:\work\BK3633\code\internal\BK3633_BLE\SDK\projects\controller_lib>copy .\obj\bk3633.lib ..\app_controller\lib 
已复制         1 个文件。
".\obj\bk3633.lib" - 0 Error(s), 4 Warning(s).
Build target 'Target1'
assembling handlers.s...
assembling vectors.s...
compiling main.c...
compiling intc.c...
compiling app.c...
compiling aes.c...
compiling flash.c...
compiling rf_xvr_24.c...
..\..\..\Src\driver\rf\rf_xvr_24.c(322): warning:  #61-D: integer operation result is out of range      addXVR_Reg0x24 |= (1<<31);
..\..\..\Src\driver\rf\rf_xvr_24.c(322): warning:  #68-D: integer conversion resulted in a change of sign      addXVR_Reg0x24 |= (1<<31);
..\..\..\Src\driver\rf\rf_xvr_24.c(384): warning:  #61-D: integer operation result is out of range      addXVR_Reg0x24 &= ~(1<<31);
..\..\..\Src\driver\rf\rf_xvr_24.c: 3 warnings, 0 errors
compiling gpio.c...
compiling spi.c...
compiling icu.c...
compiling wdt.c...
compiling adc.c...
compiling uart2.c...
compiling uart.c...
compiling aon_rtc.c...
compiling i2c.c...
compiling dma.c...
compiling driver_timer.c...
compiling driver_sensor.c...
compiling application_main.c...
compiling APPLICATION_MODE_NORMAL.c...
compiling application_mode_page.c...
compiling application_mode_PCBA.c...
compiling APPLICATION_MODE_TEST.C...
compiling application_rf.c...
compiling driver_rf.c...
compiling driver_usb.c...
..\..\..\src\driver\usb_driver\driver_usb.c(350): warning:  #47-D: incompatible redefinition of macro "TEST_PIN2" (declared at line 49 of ".\app\api\app.h")  #define TEST_PIN2               0x03
..\..\..\src\driver\usb_driver\driver_usb.c: 1 warning, 0 errors
compiling usb.c...
compiling usb_desc.c...
..\..\..\src\driver\usb_driver\usb\usb_desc.c(66): warning:  #68-D: integer conversion resulted in a change of sign      HidLogiMin8(-127),                      //0x15, 0x81,   LOGICAL MINIMUM (-127)
..\..\..\src\driver\usb_driver\usb\usb_desc.c: 1 warning, 0 errors
compiling usbclass.c...
linking...
Program Size: Code=27632 RO-data=664 RW-data=368 ZI-data=37132  
After Build - User command #1: fromelf --bin --output .\output\app\bk3633_app.bin .\obj\bk3633_app.axf
After Build - User command #2: .\output\translate.bat

E:\work\BK3633\code\internal\BK3633_BLE\SDK\projects\app_2.4g\app_usb_2.4g>.\output\BinConvert  -oad .\output\boot\bk3633_boot.bin  .\output\stack\bk3633_stack.bin  .\output\app\bk3633_app.bin -m 0x7800 -l 0x7900 -v 0x0026 -rom_v 0x0014 -e 00000000 00000000 00000000 00000000 
cmd_bin_oad.stack_file_addr :0x7800
binary version hex:0x26; dec:38

Arm Image Binary will be converted to OAD format binary file.....
cmd_bin_oad.stack_file_addr=7800
boot_bin_len=2fcc
add stack bin start
        Encrypt Seccessfully!
        File Size: 0xf818

oad_stack_app_bin_len=7900
oad_app_bin_len=77f0
b7 d8 10 7e 26 00 fc 1d 42 42 42 42 ff ff 14 00 /**< @CREATE_FILE_SUCCESS */
/**< @Download flash file:.\output\app\bk3633_app_merge_crc.bin
/**< @OAD file :.\output\app\bk3633_app_stack_oad.bin,CRC = 0xa9ce9dd7
/**< @OAD file :.\output\app\bk3633_app_oad.bin,CRC = 0x7e10d8b7
/**< @author <gang.cheng@bekencorp.com> */
/**< @version v0.3 */

E:\work\BK3633\code\internal\BK3633_BLE\SDK\projects\app_2.4g\app_usb_2.4g>del .\output\app\bk3633_app_merge_boot_stack.out 

E:\work\BK3633\code\internal\BK3633_BLE\SDK\projects\app_2.4g\app_usb_2.4g>del .\output\app\bk3633_app_stack_oad.bin 
".\obj\bk3633_app.axf" - 0 Error(s), 5 Warning(s).
Build target 'Target1'
assembling boot_handlers.s...
assembling boot_vectors.s...
compiling main.c...
compiling app.c...
compiling app_ancsc.c...
compiling app_batt.c...
compiling app_dis.c...
compiling app_fcc0.c...
compiling app_fee0.c...
compiling app_oads.c...
compiling app_sec.c...
compiling app_task.c...
app\src\app_task.c(256): warning:  #177-D: variable "len" was declared but never referenced                  nvds_tag_len_t len;
app\src\app_task.c: 1 warning, 0 errors
compiling app_key.c...
compiling rwbt.c...
compiling rwble.c...
compiling rwip.c...
compiling nvds.c...
compiling prf_utils.c...
compiling prf.c...
compiling flash.c...
compiling rf_xvr.c...
compiling gpio.c...
compiling spi.c...
compiling icu.c...
compiling wdt.c...
compiling adc.c...
compiling uart2.c...
compiling uart.c...
compiling aon_rtc.c...
compiling intc.c...
compiling i2c.c...
compiling dma.c...
compiling diss.c...
compiling diss_task.c...
compiling fee0s.c...
compiling fee0s_task.c...
compiling bass.c...
compiling bass_task.c...
compiling fcc0s.c...
compiling fcc0s_task.c...
compiling ancsc.c...
compiling ancsc_task.c...
compiling oads.c...
compiling oads_task.c...
compiling w25x40c.c...
compiling lcd360.c...
linking...
Program Size: Code=46876 RO-data=4012 RW-data=3872 ZI-data=24396  
After Build - User command #1: fromelf --bin --output .\output\app\bk3633_app.bin .\obj\bk3633_app.axf
After Build - User command #2: .\output\translate.bat

E:\work\BK3633\code\internal\BK3633_BLE\SDK\projects\app_ancs>.\output\BinConvert  -oad .\output\boot\bk3633_boot.bin  .\output\stack\bk3633_stack.bin  .\output\app\bk3633_app.bin -m 0x1F00 -l 0x25b00 -v 0x00029 -rom_v 0x0017 -e 00000000 00000000 00000000 00000000 
cmd_bin_oad.stack_file_addr :0x1f00
binary version hex:0x29; dec:41

Arm Image Binary will be converted to OAD format binary file.....
cmd_bin_oad.stack_file_addr=1f00
boot_bin_len=1a88
add stack bin start
        Encrypt Seccessfully!
        File Size: 0x35530

oad_stack_app_bin_len=33500
oad_app_bin_len=d540
c0 04 38 24 29 00 50 35 42 42 42 42 ff ff 17 00 /**< @CREATE_FILE_SUCCESS */
/**< @Download flash file:.\output\app\bk3633_app_merge_crc.bin
/**< @OAD file :.\output\app\bk3633_app_stack_oad.bin,CRC = 0x1aa129ae
/**< @OAD file :.\output\app\bk3633_app_oad.bin,CRC = 0x243804c0
/**< @author <gang.cheng@bekencorp.com> */
/**< @version v0.3 */
".\obj\bk3633_app.axf" - 0 Error(s), 1 Warning(s).
Build target 'Target1'
assembling boot_handlers.s...
assembling boot_vectors.s...
compiling main.c...
compiling app.c...
compiling app_batt.c...
compiling app_dis.c...
compiling app_fcc0.c...
compiling app_fee0.c...
compiling app_oads.c...
compiling app_sec.c...
compiling app_task.c...
app\src\app_task.c(397): warning:  #177-D: variable "len" was declared but never referenced                  nvds_tag_len_t len;
app\src\app_task.c: 1 warning, 0 errors
compiling app_adv.c...
compiling app_scan.c...
compiling app_init.c...
compiling app_mesh_adv.c...
compiling mesh_sec.c...
compiling angle_axis.c...
app\src\angle_axis.c(262): warning:  #940-D: missing return statement at end of non-void function "clac_iq2angle"  }
app\src\angle_axis.c(44): warning:  #550-D: variable "phi_A0_valid_mean" was set but never used      float phi_A0_valid_mean;
app\src\angle_axis.c(54): warning:  #177-D: variable "phi_est_valid" was declared but never referenced      float phi_est_valid[10];
app\src\angle_axis.c(272): warning:  #177-D: variable "tmp" was declared but never referenced      float tmp = 0;
app\src\angle_axis.c: 4 warnings, 0 errors
compiling rwbt.c...
compiling rwble.c...
compiling rwip.c...
compiling nvds.c...
compiling prf_utils.c...
compiling prf.c...
compiling flash.c...
compiling rf_xvr.c...
compiling gpio.c...
compiling spi.c...
compiling icu.c...
compiling wdt.c...
compiling adc.c...
compiling uart2.c...
compiling uart.c...
compiling aon_rtc.c...
compiling intc.c...
compiling i2c.c...
compiling dma.c...
compiling pwm.c...
compiling timer0.c...
compiling diss.c...
compiling diss_task.c...
compiling fee0s.c...
compiling fee0s_task.c...
compiling bass.c...
compiling bass_task.c...
compiling fcc0s.c...
compiling fcc0s_task.c...
compiling oads.c...
compiling oads_task.c...
compiling sdp_service_task.c...
compiling sdp_service.c...
linking...
..\..\src\system\all_roles_app_link_1.txt(61): warning: L6314W: No section matches pattern *(ke_heap).Program Size: Code=51592 RO-data=3956 RW-data=200 ZI-data=38856  
Finished: 0 information, 1 warning and 0 error messages.
After Build - User command #1: fromelf --bin --output .\output\app\bk3633_app.bin .\obj\bk3633_app.axf
After Build - User command #2: .\output\translate.bat

E:\work\BK3633\code\internal\BK3633_BLE\SDK\projects\app_AOA_AOD>.\output\BinConvert  -oad .\output\boot\bk3633_boot.bin  .\output\stack\bk3633_stack.bin  .\output\app\bk3633_app.bin -m 0x1f00 -l 0x2c400-v 0x00022 -rom_v 0x000F -e 00000000 00000000 00000000 00000000 
you do not appoint version information default:0x841
cmd_bin_oad.stack_file_addr :0x1f00
binary version hex:0x841; dec:2113

Arm Image Binary will be converted to OAD format binary file.....
cmd_bin_oad.stack_file_addr=1f00
boot_bin_len=1538
add stack bin start
        Encrypt Seccessfully!
        File Size: 0x3d846

oad_stack_app_bin_len=3b800
oad_app_bin_len=e8b0
0d 8a 60 a5 41 08 2c 3a 42 42 42 42 ff ff 0f 00 /**< @CREATE_FILE_SUCCESS */
/**< @Download flash file:.\output\app\bk3633_app_merge_crc.bin
/**< @OAD file :.\output\app\bk3633_app_stack_oad.bin,CRC = 0x0c170198
/**< @OAD file :.\output\app\bk3633_app_oad.bin,CRC = 0xa5608a0d
/**< @author <gang.cheng@bekencorp.com> */
/**< @version v0.3 */
".\obj\bk3633_app.axf" - 0 Error(s), 6 Warning(s).
Build target 'Target1'
assembling boot_vectors.s...
assembling boot_handlers.s...
compiling main.c...
compiling intc.c...
compiling rwbt.c...
compiling rwble.c...
compiling rwip.c...
compiling flash.c...
compiling rf_xvr.c...
compiling gpio.c...
compiling spi.c...
compiling icu.c...
compiling wdt.c...
compiling adc.c...
compiling uart2.c...
compiling uart.c...
compiling aon_rtc.c...
compiling dma.c...
linking...
Program Size: Code=122920 RO-data=7544 RW-data=892 ZI-data=14408  
FromELF: creating hex file...
After Build - User command #1: .\output\translate.bat

E:\work\BK3633\code\internal\BK3633_BLE\SDK\projects\app_controller>C:\Keil_v5\ARM\ARMCC\bin\fromelf .\obj\bk3633.axf --output .\output\bk3633.bin --bin 
系统找不到指定的路径。

E:\work\BK3633\code\internal\BK3633_BLE\SDK\projects\app_controller>.\output\encrypt.exe .\output\bk3633.bin 00000000 
/**< @author <luoyao@bekencorp.com> */
/**< @version v0.2 */
 Encrypt Seccessfully!
 -FileSize: 0x22132
".\obj\bk3633.axf" - 0 Error(s), 0 Warning(s).
Build target 'Target1'
assembling boot_handlers.s...
assembling boot_vectors.s...
compiling main.c...
compiling app.c...
compiling app_batt.c...
compiling app_dis.c...
compiling app_fcc0.c...
compiling app_fee0.c...
compiling app_oads.c...
compiling app_sec.c...
compiling app_task.c...
compiling app_ftmp.c...
compiling attm_util128.c...
compiling rwbt.c...
compiling rwble.c...
compiling rwip.c...
compiling nvds.c...
compiling prf_utils.c...
compiling prf.c...
compiling flash.c...
compiling rf_xvr.c...
compiling gpio.c...
compiling spi.c...
compiling icu.c...
compiling wdt.c...
compiling adc.c...
compiling uart2.c...
compiling uart.c...
compiling aon_rtc.c...
compiling intc.c...
compiling i2c.c...
compiling dma.c...
compiling pwm.c...
compiling i2s.c...
compiling diss.c...
compiling diss_task.c...
compiling fee0s.c...
compiling fee0s_task.c...
compiling bass.c...
compiling bass_task.c...
compiling fcc0s.c...
compiling fcc0s_task.c...
compiling oads.c...
compiling oads_task.c...
compiling ftmps.c...
compiling ftmps_task.c...
linking...
Program Size: Code=36804 RO-data=2796 RW-data=3944 ZI-data=21244  
After Build - User command #1: fromelf --bin --output .\output\app\bk3633_app.bin .\obj\bk3633_app.axf
After Build - User command #2: .\output\translate.bat

E:\work\BK3633\code\internal\BK3633_BLE\SDK\projects\app_gatt>.\output\BinConvert  -oad .\output\boot\bk3633_boot.bin  .\output\stack\bk3633_stack.bin  .\output\app\bk3633_app.bin -m 0x1F00 -l 0x25b00 -v 0x00029 -rom_v 0x0017 -e 00000000 00000000 00000000 00000000 
cmd_bin_oad.stack_file_addr :0x1f00
binary version hex:0x29; dec:41

Arm Image Binary will be converted to OAD format binary file.....
cmd_bin_oad.stack_file_addr=1f00
boot_bin_len=1a88
add stack bin start
        Encrypt Seccessfully!
        File Size: 0x32692

oad_stack_app_bin_len=30600
oad_app_bin_len=a640
cf 7f 98 f1 29 00 90 29 42 42 42 42 ff ff 17 00 /**< @CREATE_FILE_SUCCESS */
/**< @Download flash file:.\output\app\bk3633_app_merge_crc.bin
/**< @OAD file :.\output\app\bk3633_app_stack_oad.bin,CRC = 0x53f9a326
/**< @OAD file :.\output\app\bk3633_app_oad.bin,CRC = 0xf1987fcf
/**< @author <gang.cheng@bekencorp.com> */
/**< @version v0.3 */
".\obj\bk3633_app.axf" - 0 Error(s), 0 Warning(s).
Build target 'Target1'
assembling boot_handlers.s...
assembling boot_vectors.s...
compiling main.c...
compiling app.c...
compiling app_batt.c...
compiling app_dis.c...
compiling app_fcc0.c...
compiling app_fee0.c...
compiling app_oads.c...
compiling app_sec.c...
compiling app_task.c...
compiling app_adv.c...
compiling app_scan.c...
compiling app_init.c...
compiling app_mesh_adv.c...
compiling mesh_sec.c...
compiling rwbt.c...
compiling rwble.c...
compiling rwip.c...
compiling nvds.c...
compiling prf_utils.c...
compiling prf.c...
compiling flash.c...
compiling rf_xvr.c...
compiling gpio.c...
compiling spi.c...
compiling icu.c...
compiling wdt.c...
compiling adc.c...
compiling uart2.c...
compiling uart.c...
compiling aon_rtc.c...
compiling intc.c...
compiling i2c.c...
compiling dma.c...
compiling pwm.c...
compiling timer0.c...
compiling diss.c...
compiling diss_task.c...
compiling fee0s.c...
compiling fee0s_task.c...
compiling bass.c...
compiling bass_task.c...
compiling fcc0s.c...
compiling fcc0s_task.c...
compiling oads.c...
compiling oads_task.c...
compiling sdp_service_task.c...
compiling sdp_service.c...
linking...
..\..\src\system\2_master_3_slave_app_link.txt(61): warning: L6314W: No section matches pattern *(ke_heap).Program Size: Code=46800 RO-data=4004 RW-data=216 ZI-data=38824  
Finished: 0 information, 1 warning and 0 error messages.
After Build - User command #1: fromelf --bin --output .\output\app\bk3633_app.bin .\obj\bk3633_app.axf
After Build - User command #2: .\output\translate.bat

E:\work\BK3633\code\internal\BK3633_BLE\SDK\projects\app_gatt_2_master_3_slave>.\output\BinConvert  -oad .\output\boot\bk3633_boot.bin  .\output\stack\bk3633_stack.bin  .\output\app\bk3633_app.bin -m 0x1f00 -l 0x2c400 -v 0x00029 -rom_v 0x0017 -e 00000000 00000000 00000000 00000000 
cmd_bin_oad.stack_file_addr :0x1f00
binary version hex:0x29; dec:41

Arm Image Binary will be converted to OAD format binary file.....
cmd_bin_oad.stack_file_addr=1f00
boot_bin_len=1a88
add stack bin start
        Encrypt Seccessfully!
        File Size: 0x3c49e

oad_stack_app_bin_len=3a400
oad_app_bin_len=d4b0
3b 2a d0 11 29 00 2c 35 42 42 42 42 ff ff 17 00 /**< @CREATE_FILE_SUCCESS */
/**< @Download flash file:.\output\app\bk3633_app_merge_crc.bin
/**< @OAD file :.\output\app\bk3633_app_stack_oad.bin,CRC = 0xb94495e3
/**< @OAD file :.\output\app\bk3633_app_oad.bin,CRC = 0x11d02a3b
/**< @author <gang.cheng@bekencorp.com> */
/**< @version v0.3 */
".\obj\bk3633_app.axf" - 0 Error(s), 1 Warning(s).
Build target 'Target1'
assembling boot_handlers.s...
assembling boot_vectors.s...
compiling main.c...
compiling app.c...
compiling app_batt.c...
compiling app_dis.c...
compiling app_fcc0.c...
compiling app_fee0.c...
compiling app_oads.c...
compiling app_sec.c...
compiling app_task.c...
compiling app_adv.c...
compiling app_scan.c...
compiling app_init.c...
compiling app_mesh_adv.c...
compiling mesh_sec.c...
compiling rwbt.c...
compiling rwble.c...
compiling rwip.c...
compiling nvds.c...
compiling prf_utils.c...
compiling prf.c...
compiling flash.c...
compiling rf_xvr.c...
compiling gpio.c...
compiling spi.c...
compiling icu.c...
compiling wdt.c...
compiling adc.c...
compiling uart2.c...
compiling uart.c...
compiling aon_rtc.c...
compiling intc.c...
compiling i2c.c...
compiling dma.c...
compiling pwm.c...
compiling timer0.c...
compiling diss.c...
compiling diss_task.c...
compiling fee0s.c...
compiling fee0s_task.c...
compiling bass.c...
compiling bass_task.c...
compiling fcc0s.c...
compiling fcc0s_task.c...
compiling oads.c...
compiling oads_task.c...
compiling sdp_service_task.c...
compiling sdp_service.c...
linking...
..\..\src\system\all_roles_app_link_1.txt(61): warning: L6314W: No section matches pattern *(ke_heap).Program Size: Code=45184 RO-data=3756 RW-data=208 ZI-data=38760  
Finished: 0 information, 1 warning and 0 error messages.
After Build - User command #1: fromelf --bin --output .\output\app\bk3633_app.bin .\obj\bk3633_app.axf
After Build - User command #2: .\output\translate.bat

E:\work\BK3633\code\internal\BK3633_BLE\SDK\projects\app_gatt_all_roles>.\output\BinConvert  -oad .\output\boot\bk3633_boot.bin  .\output\stack\bk3633_stack.bin  .\output\app\bk3633_app.bin -m 0x1f00 -l 0x2c400 -v 0x00029 -rom_v 0x0017 -e 00000000 00000000 00000000 00000000 
cmd_bin_oad.stack_file_addr :0x1f00
binary version hex:0x29; dec:41

Arm Image Binary will be converted to OAD format binary file.....
cmd_bin_oad.stack_file_addr=1f00
boot_bin_len=1a88
add stack bin start
        Encrypt Seccessfully!
        File Size: 0x3bcea

oad_stack_app_bin_len=39d00
oad_app_bin_len=cdb0
75 a3 27 79 29 00 6c 33 42 42 42 42 ff ff 17 00 /**< @CREATE_FILE_SUCCESS */
/**< @Download flash file:.\output\app\bk3633_app_merge_crc.bin
/**< @OAD file :.\output\app\bk3633_app_stack_oad.bin,CRC = 0x0548973a
/**< @OAD file :.\output\app\bk3633_app_oad.bin,CRC = 0x7927a375
/**< @author <gang.cheng@bekencorp.com> */
/**< @version v0.3 */
".\obj\bk3633_app.axf" - 0 Error(s), 1 Warning(s).
Build target 'Target1'
assembling boot_handlers.s...
assembling boot_vectors.s...
compiling main.c...
compiling app.c...
compiling app_sec.c...
compiling app_task.c...
app\src\app_task.c(1413): warning:  #177-D: function "app_gattc_event_ind_handler" was declared but never referenced  static int app_gattc_event_ind_handler(ke_msg_id_t const msgid,
app\src\app_task.c(1430): warning:  #177-D: function "app_gattc_event_req_ind_handler" was declared but never referenced  static int app_gattc_event_req_ind_handler(ke_msg_id_t const msgid,
app\src\app_task.c: 2 warnings, 0 errors
compiling app_adv.c...
compiling app_scan.c...
compiling app_init.c...
compiling app_mesh_adv.c...
compiling mesh_sec.c...
compiling rwbt.c...
compiling rwble.c...
compiling rwip.c...
compiling nvds.c...
compiling prf_utils.c...
compiling prf.c...
compiling flash.c...
compiling rf_xvr.c...
compiling gpio.c...
compiling spi.c...
compiling icu.c...
compiling wdt.c...
compiling adc.c...
compiling uart2.c...
compiling uart.c...
compiling aon_rtc.c...
compiling intc.c...
compiling i2c.c...
compiling dma.c...
compiling pwm.c...
compiling timer0.c...
compiling diss.c...
compiling diss_task.c...
compiling fee0s.c...
compiling fee0s_task.c...
compiling bass.c...
compiling bass_task.c...
compiling fcc0s.c...
compiling fcc0s_task.c...
compiling oads.c...
compiling oads_task.c...
compiling sdp_service_task.c...
..\..\src\profiles\sdp\src\sdp_service_task.c(483): warning:  #223-D: function "decode_vocie_data" declared implicitly          decode_vocie_data(param->value,param->length);
..\..\src\profiles\sdp\src\sdp_service_task.c: 1 warning, 0 errors
compiling sdp_service.c...
compiling driver_usb.c...
compiling usb.c...
compiling usb_desc.c...
..\..\src\driver\usb_driver\usb\usb_desc.c(66): warning:  #68-D: integer conversion resulted in a change of sign      HidLogiMin8(-127),                      //0x15, 0x81,   LOGICAL MINIMUM (-127)
..\..\src\driver\usb_driver\usb\usb_desc.c: 1 warning, 0 errors
compiling usbclass.c...
compiling sbc_common.c...
compiling sbc_decoder.c...
linking...
..\..\src\system\all_roles_app_link.txt(61): warning: L6314W: No section matches pattern *(ke_heap).Program Size: Code=42384 RO-data=4064 RW-data=256 ZI-data=34240  
Finished: 0 information, 1 warning and 0 error messages.
After Build - User command #1: fromelf --bin --output .\output\app\bk3633_app.bin .\obj\bk3633_app.axf
After Build - User command #2: .\output\translate.bat

E:\work\BK3633\code\internal\BK3633_BLE\SDK\projects\app_gatt_central>.\output\BinConvert  -oad .\output\boot\bk3633_boot.bin  .\output\stack\bk3633_stack.bin  .\output\app\bk3633_app.bin -m 0x4c00 -l 0x29700 -v 0x00029 -rom_v 0x0017 -e 00000000 00000000 00000000 00000000 
cmd_bin_oad.stack_file_addr :0x4c00
binary version hex:0x29; dec:41

Arm Image Binary will be converted to OAD format binary file.....
cmd_bin_oad.stack_file_addr=4c00
boot_bin_len=2ef0
add stack bin start
        Encrypt Seccessfully!
        File Size: 0x382e0

oad_stack_app_bin_len=33300
oad_app_bin_len=c350
75 b2 dd 0b 29 00 d4 30 42 42 42 42 ff ff 17 00 /**< @CREATE_FILE_SUCCESS */
/**< @Download flash file:.\output\app\bk3633_app_merge_crc.bin
/**< @OAD file :.\output\app\bk3633_app_stack_oad.bin,CRC = 0x087ca567
/**< @OAD file :.\output\app\bk3633_app_oad.bin,CRC = 0x0bddb275
/**< @author <gang.cheng@bekencorp.com> */
/**< @version v0.3 */
".\obj\bk3633_app.axf" - 0 Error(s), 5 Warning(s).
Build target 'Target1'
assembling boot_handlers.s...
assembling boot_vectors.s...
compiling main.c...
compiling app.c...
compiling app_batt.c...
compiling app_dis.c...
compiling app_fcc0.c...
compiling app_fee0.c...
compiling app_oads.c...
compiling app_sec.c...
compiling app_task.c...
compiling app_ftmp.c...
compiling attm_util128.c...
compiling rwbt.c...
compiling rwble.c...
compiling rwip.c...
compiling nvds.c...
compiling prf_utils.c...
compiling prf.c...
compiling flash.c...
compiling rf_xvr.c...
compiling gpio.c...
compiling spi.c...
compiling icu.c...
compiling wdt.c...
compiling adc.c...
compiling uart2.c...
compiling uart.c...
compiling aon_rtc.c...
compiling intc.c...
compiling i2c.c...
compiling dma.c...
compiling pwm.c...
compiling i2s.c...
compiling diss.c...
compiling diss_task.c...
compiling fee0s.c...
compiling fee0s_task.c...
compiling bass.c...
compiling bass_task.c...
compiling fcc0s.c...
compiling fcc0s_task.c...
compiling oads.c...
compiling oads_task.c...
compiling ftmps.c...
compiling ftmps_task.c...
linking...
..\..\src\system\peripheral_app_codesize_cut_link.txt(61): warning: L6314W: No section matches pattern *(ke_heap).Program Size: Code=32644 RO-data=2340 RW-data=100 ZI-data=29296  
Finished: 0 information, 1 warning and 0 error messages.
After Build - User command #1: fromelf --bin --output .\output\app\bk3633_app.bin .\obj\bk3633_app.axf
After Build - User command #2: .\output\translate.bat

E:\work\BK3633\code\internal\BK3633_BLE\SDK\projects\app_gatt_codesize_cut>.\output\BinConvert  -oad .\output\boot\bk3633_boot.bin  .\output\stack\bk3633_stack.bin  .\output\app\bk3633_app.bin -m 0x1F00 -l 0x1d300 -v 0x00029 -rom_v 0x0017 -e 00000000 00000000 00000000 00000000 
cmd_bin_oad.stack_file_addr :0x1f00
binary version hex:0x29; dec:41

Arm Image Binary will be converted to OAD format binary file.....
cmd_bin_oad.stack_file_addr=1f00
boot_bin_len=1a88
add stack bin start
        Encrypt Seccessfully!
        File Size: 0x2826a

oad_stack_app_bin_len=26200
oad_app_bin_len=92c0
fc 77 c0 36 29 00 b0 24 42 42 42 42 ff ff 17 00 /**< @CREATE_FILE_SUCCESS */
/**< @Download flash file:.\output\app\bk3633_app_merge_crc.bin
/**< @OAD file :.\output\app\bk3633_app_stack_oad.bin,CRC = 0x529329a6
/**< @OAD file :.\output\app\bk3633_app_oad.bin,CRC = 0x36c077fc
/**< @author <gang.cheng@bekencorp.com> */
/**< @version v0.3 */
".\obj\bk3633_app.axf" - 0 Error(s), 1 Warning(s).
Build target 'Target1'
assembling boot_handlers.s...
assembling boot_vectors.s...
compiling main.c...
compiling app.c...
compiling app_batt.c...
compiling app_dis.c...
compiling app_fcc0.c...
compiling app_fee0.c...
compiling app_oads.c...
compiling app_sec.c...
compiling app_task.c...
compiling app_ftmp.c...
compiling attm_util128.c...
compiling rwbt.c...
compiling rwble.c...
compiling rwip.c...
compiling nvds.c...
compiling prf_utils.c...
compiling prf.c...
compiling flash.c...
compiling rf_xvr.c...
compiling gpio.c...
compiling spi.c...
compiling icu.c...
compiling wdt.c...
compiling adc.c...
compiling uart2.c...
compiling uart.c...
compiling aon_rtc.c...
compiling intc.c...
compiling i2c.c...
compiling dma.c...
compiling pwm.c...
compiling i2s.c...
compiling diss.c...
compiling diss_task.c...
compiling fee0s.c...
compiling fee0s_task.c...
compiling bass.c...
compiling bass_task.c...
compiling fcc0s.c...
compiling fcc0s_task.c...
compiling oads.c...
compiling oads_task.c...
compiling ftmps.c...
compiling ftmps_task.c...
linking...
Program Size: Code=35864 RO-data=2788 RW-data=3860 ZI-data=21224  
After Build - User command #1: fromelf --bin --output .\output\app\bk3633_app.bin .\obj\bk3633_app.axf
After Build - User command #2: .\output\translate.bat

E:\work\BK3633\code\internal\BK3633_BLE\SDK\projects\app_gatt_IRK_connect>.\output\BinConvert  -oad .\output\boot\bk3633_boot.bin  .\output\stack\bk3633_stack.bin  .\output\app\bk3633_app.bin -m 0x1F00 -l 0x25b00 -v 0x00029 -rom_v 0x0017 -e 00000000 00000000 00000000 00000000 
cmd_bin_oad.stack_file_addr :0x1f00
binary version hex:0x29; dec:41

Arm Image Binary will be converted to OAD format binary file.....
cmd_bin_oad.stack_file_addr=1f00
boot_bin_len=1a88
add stack bin start
        Encrypt Seccessfully!
        File Size: 0x32252

oad_stack_app_bin_len=30200
oad_app_bin_len=a240
e3 fe 2f 4f 29 00 90 28 42 42 42 42 ff ff 17 00 /**< @CREATE_FILE_SUCCESS */
/**< @Download flash file:.\output\app\bk3633_app_merge_crc.bin
/**< @OAD file :.\output\app\bk3633_app_stack_oad.bin,CRC = 0x9fbc9de9
/**< @OAD file :.\output\app\bk3633_app_oad.bin,CRC = 0x4f2ffee3
/**< @author <gang.cheng@bekencorp.com> */
/**< @version v0.3 */
".\obj\bk3633_app.axf" - 0 Error(s), 0 Warning(s).
Build target 'Target1'
assembling boot_handlers.s...
assembling boot_vectors.s...
compiling main.c...
compiling app.c...
compiling app_batt.c...
compiling app_dis.c...
compiling app_fcc0.c...
compiling app_fee0.c...
compiling app_oads.c...
compiling app_sec.c...
compiling app_task.c...
compiling app_ftmp.c...
compiling attm_util128.c...
compiling rwbt.c...
compiling rwble.c...
compiling rwip.c...
compiling nvds.c...
compiling prf_utils.c...
compiling prf.c...
compiling flash.c...
compiling rf_xvr.c...
compiling gpio.c...
compiling spi.c...
compiling icu.c...
compiling wdt.c...
compiling adc.c...
compiling uart2.c...
compiling uart.c...
compiling aon_rtc.c...
compiling intc.c...
compiling i2c.c...
compiling dma.c...
compiling pwm.c...
compiling i2s.c...
compiling diss.c...
compiling diss_task.c...
compiling fee0s.c...
compiling fee0s_task.c...
compiling bass.c...
compiling bass_task.c...
compiling fcc0s.c...
compiling fcc0s_task.c...
compiling oads.c...
compiling oads_task.c...
compiling ftmps.c...
compiling ftmps_task.c...
linking...
..\..\src\system\peripheral_app_link.txt(61): warning: L6314W: No section matches pattern *(ke_heap).Program Size: Code=33716 RO-data=2404 RW-data=104 ZI-data=29320  
Finished: 0 information, 1 warning and 0 error messages.
After Build - User command #1: fromelf --bin --output .\output\app\bk3633_app.bin .\obj\bk3633_app.axf
After Build - User command #2: .\output\translate.bat

E:\work\BK3633\code\internal\BK3633_BLE\SDK\projects\app_gatt_multi_connect>.\output\BinConvert  -oad .\output\boot\bk3633_boot.bin  .\output\stack\bk3633_stack.bin  .\output\app\bk3633_app.bin -m 0x1F00 -l 0x25b00 -v 0x00029 -rom_v 0x0017 -e 00000000 00000000 00000000 00000000 
cmd_bin_oad.stack_file_addr :0x1f00
binary version hex:0x29; dec:41

Arm Image Binary will be converted to OAD format binary file.....
cmd_bin_oad.stack_file_addr=1f00
boot_bin_len=1a88
add stack bin start
        Encrypt Seccessfully!
        File Size: 0x317b2

oad_stack_app_bin_len=2f700
oad_app_bin_len=9740
00 ff aa 7b 29 00 d0 25 42 42 42 42 ff ff 17 00 /**< @CREATE_FILE_SUCCESS */
/**< @Download flash file:.\output\app\bk3633_app_merge_crc.bin
/**< @OAD file :.\output\app\bk3633_app_stack_oad.bin,CRC = 0x288d6f7b
/**< @OAD file :.\output\app\bk3633_app_oad.bin,CRC = 0x7baaff00
/**< @author <gang.cheng@bekencorp.com> */
/**< @version v0.3 */
".\obj\bk3633_app.axf" - 0 Error(s), 1 Warning(s).
Build target 'Target1'
assembling boot_handlers.s...
assembling boot_vectors.s...
compiling main.c...
compiling app.c...
compiling app_batt.c...
compiling app_dis.c...
compiling app_fcc0.c...
compiling app_fee0.c...
compiling app_oads.c...
compiling app_sec.c...
compiling app_task.c...
compiling app_ftmp.c...
compiling attm_util128.c...
compiling rwbt.c...
compiling rwble.c...
compiling rwip.c...
compiling nvds.c...
compiling prf_utils.c...
compiling prf.c...
compiling flash.c...
compiling rf_xvr.c...
compiling gpio.c...
compiling spi.c...
compiling icu.c...
compiling wdt.c...
compiling adc.c...
compiling uart2.c...
compiling uart.c...
compiling aon_rtc.c...
compiling intc.c...
compiling i2c.c...
compiling dma.c...
compiling pwm.c...
compiling i2s.c...
compiling diss.c...
compiling diss_task.c...
compiling fee0s.c...
compiling fee0s_task.c...
compiling bass.c...
compiling bass_task.c...
compiling fcc0s.c...
compiling fcc0s_task.c...
compiling oads.c...
compiling oads_task.c...
compiling ftmps.c...
compiling ftmps_task.c...
compiling croutine.c...
compiling event_groups.c...
compiling list.c...
compiling queue.c...
compiling stream_buffer.c...
compiling tasks.c...
compiling timers.c...
compiling heap_4.c...
compiling port.c...
assembling portASM.s...
linking...
Program Size: Code=47040 RO-data=2780 RW-data=4056 ZI-data=61244  
After Build - User command #1: fromelf --bin --output .\output\app\bk3633_app.bin .\obj\bk3633_app.axf
After Build - User command #2: .\output\translate.bat

E:\work\BK3633\code\internal\BK3633_BLE\SDK\projects\app_gatt_rtos>.\output\BinConvert  -oad .\output\boot\bk3633_boot.bin  .\output\stack\bk3633_stack.bin  .\output\app\bk3633_app.bin -m 0x1F00 -l 0x25b00 -v 0x00029 -rom_v 0x0017 -e 00000000 00000000 00000000 00000000 
cmd_bin_oad.stack_file_addr :0x1f00
binary version hex:0x29; dec:41

Arm Image Binary will be converted to OAD format binary file.....
cmd_bin_oad.stack_file_addr=1f00
boot_bin_len=1a88
add stack bin start
        Encrypt Seccessfully!
        File Size: 0x35178

oad_stack_app_bin_len=33100
oad_app_bin_len=d140
cb 46 d9 7a 29 00 50 34 42 42 42 42 ff ff 17 00 /**< @CREATE_FILE_SUCCESS */
/**< @Download flash file:.\output\app\bk3633_app_merge_crc.bin
/**< @OAD file :.\output\app\bk3633_app_stack_oad.bin,CRC = 0x42a8bc9f
/**< @OAD file :.\output\app\bk3633_app_oad.bin,CRC = 0x7ad946cb
/**< @author <gang.cheng@bekencorp.com> */
/**< @version v0.3 */
".\obj\bk3633_app.axf" - 0 Error(s), 0 Warning(s).
Build target 'Target1'
assembling boot_handlers.s...
assembling boot_vectors.s...
compiling main.c...
compiling app.c...
compiling app_batt.c...
compiling app_dis.c...
compiling app_display.c...
compiling app_fcc0.c...
compiling app_fee0.c...
compiling app_hid.c...
compiling app_ht.c...
compiling app_oads.c...
compiling app_sec.c...
compiling app_task.c...
compiling app_key.c...
compiling app_otah.c...
compiling rwbt.c...
compiling rwble.c...
compiling rwip.c...
compiling nvds.c...
compiling prf_utils.c...
compiling prf.c...
compiling flash.c...
compiling rf_xvr.c...
compiling gpio.c...
compiling spi.c...
compiling icu.c...
compiling wdt.c...
compiling adc.c...
compiling uart2.c...
compiling uart.c...
compiling aon_rtc.c...
compiling intc.c...
compiling i2c.c...
compiling dma.c...
compiling diss.c...
compiling diss_task.c...
compiling fee0s.c...
compiling fee0s_task.c...
compiling bass.c...
compiling bass_task.c...
compiling fcc0s.c...
compiling fcc0s_task.c...
compiling oads.c...
compiling oads_task.c...
compiling hogpd.c...
compiling hogpd_task.c...
compiling otahs.c...
compiling otahs_task.c...
compiling gcm.c...
compiling md.c...
compiling pkcs5.c...
compiling cipher.c...
compiling cipher_wrap.c...
compiling aes.c...
compiling md_wrap.c...
compiling sha256.c...
mbedtls\sha256.c(448): warning:  #1-D: last line of file ends without a newline  #endif
mbedtls\sha256.c: 1 warning, 0 errors
linking...
Program Size: Code=52664 RO-data=3760 RW-data=4288 ZI-data=30624  
After Build - User command #1: fromelf --bin --output .\output\app\bk3633_app.bin .\obj\bk3633_app.axf
After Build - User command #2: .\output\translate.bat

E:\work\BK3633\code\internal\BK3633_BLE\SDK\projects\app_hilink>.\output\BinConvert  -oad .\output\boot\bk3633_boot.bin  .\output\stack\bk3633_stack.bin  .\output\app\bk3633_app.bin -m 0x1F00 -l 0x25b00 -v 0x00029 -rom_v 0x0017 -e 00000000 00000000 00000000 00000000 
cmd_bin_oad.stack_file_addr :0x1f00
binary version hex:0x29; dec:41

Arm Image Binary will be converted to OAD format binary file.....
cmd_bin_oad.stack_file_addr=1f00
boot_bin_len=1a88
add stack bin start
        Encrypt Seccessfully!
        File Size: 0x36de4

oad_stack_app_bin_len=34e00
oad_app_bin_len=ee40
ef f6 5c f1 29 00 90 3b 42 42 42 42 ff ff 17 00 /**< @CREATE_FILE_SUCCESS */
/**< @Download flash file:.\output\app\bk3633_app_merge_crc.bin
/**< @OAD file :.\output\app\bk3633_app_stack_oad.bin,CRC = 0xadd412b9
/**< @OAD file :.\output\app\bk3633_app_oad.bin,CRC = 0xf15cf6ef
/**< @author <gang.cheng@bekencorp.com> */
/**< @version v0.3 */
".\obj\bk3633_app.axf" - 0 Error(s), 1 Warning(s).
Build target 'Target1'
assembling boot_handlers.s...
assembling boot_vectors.s...
compiling main.c...
compiling app.c...
compiling app_batt.c...
compiling app_dis.c...
compiling app_display.c...
compiling app_fcc0.c...
compiling app_fee0.c...
compiling app_hid.c...
compiling app_ht.c...
compiling app_oads.c...
compiling app_sec.c...
compiling app_task.c...
compiling app_key.c...
compiling rwbt.c...
compiling rwble.c...
compiling rwip.c...
compiling nvds.c...
compiling prf_utils.c...
compiling prf.c...
compiling flash.c...
compiling rf_xvr.c...
compiling gpio.c...
compiling spi.c...
compiling icu.c...
compiling wdt.c...
compiling adc.c...
compiling uart2.c...
compiling uart.c...
compiling aon_rtc.c...
compiling intc.c...
compiling i2c.c...
compiling dma.c...
compiling driver_timer.c...
compiling diss.c...
compiling diss_task.c...
compiling fee0s.c...
compiling fee0s_task.c...
compiling bass.c...
compiling bass_task.c...
compiling fcc0s.c...
compiling fcc0s_task.c...
compiling oads.c...
compiling oads_task.c...
compiling hogpd.c...
compiling hogpd_task.c...
compiling application_main.c...
compiling APPLICATION_MODE_NORMAL.c...
compiling application_mode_page.c...
compiling application_mode_PCBA.c...
compiling APPLICATION_MODE_TEST.C...
compiling application_rf.c...
compiling driver_rf.c...
linking...
Program Size: Code=53300 RO-data=3784 RW-data=4144 ZI-data=17960  
After Build - User command #1: fromelf --bin --output .\output\app\bk3633_app.bin .\obj\bk3633_app.axf
After Build - User command #2: .\output\translate.bat

E:\work\BK3633\code\internal\BK3633_BLE\SDK\projects\app_mouse>.\output\BinConvert  -oad .\output\boot\bk3633_boot.bin  .\output\stack\bk3633_stack.bin  .\output\app\bk3633_app.bin -m 0x4c00 -l 0x28800 -v 0x00029 -rom_v 0x0017 -e 00000000 00000000 00000000 00000000 
cmd_bin_oad.stack_file_addr :0x4c00
binary version hex:0x29; dec:41

Arm Image Binary will be converted to OAD format binary file.....
cmd_bin_oad.stack_file_addr=4c00
boot_bin_len=2ec0
add stack bin start
        Encrypt Seccessfully!
        File Size: 0x39fd4

oad_stack_app_bin_len=35000
oad_app_bin_len=f040
8b f6 da 48 29 00 10 3c 42 42 42 42 ff ff 17 00 /**< @CREATE_FILE_SUCCESS */
/**< @Download flash file:.\output\app\bk3633_app_merge_crc.bin
/**< @OAD file :.\output\app\bk3633_app_stack_oad.bin,CRC = 0xc470991d
/**< @OAD file :.\output\app\bk3633_app_oad.bin,CRC = 0x48daf68b
/**< @author <gang.cheng@bekencorp.com> */
/**< @version v0.3 */
".\obj\bk3633_app.axf" - 0 Error(s), 0 Warning(s).
Build target 'Target1'
assembling boot_handlers.s...
assembling boot_vectors.s...
compiling main.c...
compiling app.c...
compiling app_batt.c...
compiling app_dis.c...
compiling app_display.c...
compiling app_fcc0.c...
compiling app_fee0.c...
compiling app_hid.c...
compiling app_ht.c...
compiling app_oads.c...
compiling app_sec.c...
compiling app_task.c...
compiling app_key.c...
compiling rwbt.c...
compiling rwble.c...
compiling rwip.c...
compiling nvds.c...
compiling prf_utils.c...
compiling prf.c...
compiling flash.c...
compiling rf_xvr.c...
compiling gpio.c...
compiling spi.c...
compiling icu.c...
compiling wdt.c...
compiling adc.c...
compiling uart2.c...
compiling uart.c...
compiling aon_rtc.c...
compiling intc.c...
compiling i2c.c...
compiling dma.c...
compiling diss.c...
compiling diss_task.c...
compiling fee0s.c...
compiling fee0s_task.c...
compiling bass.c...
compiling bass_task.c...
compiling fcc0s.c...
compiling fcc0s_task.c...
compiling oads.c...
compiling oads_task.c...
compiling hogpd.c...
compiling hogpd_task.c...
linking...
Program Size: Code=46788 RO-data=3840 RW-data=3980 ZI-data=20164  
After Build - User command #1: fromelf --bin --output .\output\app\bk3633_app.bin .\obj\bk3633_app.axf
After Build - User command #2: .\output\translate.bat

E:\work\BK3633\code\internal\BK3633_BLE\SDK\projects\app_multi_bond>.\output\BinConvert  -oad .\output\boot\bk3633_boot.bin  .\output\stack\bk3633_stack.bin  .\output\app\bk3633_app.bin -m 0x1F00 -l 0x25b00 -v 0x00029 -rom_v 0x0017 -e 00000000 00000000 00000000 00000000 
cmd_bin_oad.stack_file_addr :0x1f00
binary version hex:0x29; dec:41

Arm Image Binary will be converted to OAD format binary file.....
cmd_bin_oad.stack_file_addr=1f00
boot_bin_len=1a88
add stack bin start
        Encrypt Seccessfully!
        File Size: 0x35486

oad_stack_app_bin_len=33400
oad_app_bin_len=d440
5d 59 04 a8 29 00 10 35 42 42 42 42 ff ff 17 00 /**< @CREATE_FILE_SUCCESS */
/**< @Download flash file:.\output\app\bk3633_app_merge_crc.bin
/**< @OAD file :.\output\app\bk3633_app_stack_oad.bin,CRC = 0x4bdc228b
/**< @OAD file :.\output\app\bk3633_app_oad.bin,CRC = 0xa804595d
/**< @author <gang.cheng@bekencorp.com> */
/**< @version v0.3 */
".\obj\bk3633_app.axf" - 0 Error(s), 0 Warning(s).
Build target 'Target1'
assembling boot_handlers.s...
assembling boot_vectors.s...
compiling main.c...
compiling app.c...
compiling app_batt.c...
compiling app_dis.c...
compiling app_display.c...
compiling app_fcc0.c...
compiling app_fee0.c...
compiling app_hid.c...
compiling app_ht.c...
compiling app_oads.c...
compiling app_sec.c...
compiling app_task.c...
compiling app_key.c...
compiling rwbt.c...
compiling rwble.c...
compiling rwip.c...
compiling nvds.c...
compiling prf_utils.c...
compiling prf.c...
compiling flash.c...
compiling rf_xvr.c...
compiling gpio.c...
compiling spi.c...
compiling icu.c...
compiling wdt.c...
compiling adc.c...
compiling uart2.c...
compiling uart.c...
compiling aon_rtc.c...
compiling intc.c...
compiling i2c.c...
compiling dma.c...
compiling diss.c...
compiling diss_task.c...
compiling fee0s.c...
compiling fee0s_task.c...
compiling bass.c...
compiling bass_task.c...
compiling fcc0s.c...
compiling fcc0s_task.c...
compiling oads.c...
compiling oads_task.c...
compiling hogpd.c...
compiling hogpd_task.c...
linking...
Program Size: Code=46936 RO-data=3840 RW-data=3980 ZI-data=20164  
After Build - User command #1: fromelf --bin --output .\output\app\bk3633_app.bin .\obj\bk3633_app.axf
After Build - User command #2: .\output\translate.bat

E:\work\BK3633\code\internal\BK3633_BLE\SDK\projects\app_rc>.\output\BinConvert  -oad .\output\boot\bk3633_boot.bin  .\output\stack\bk3633_stack.bin  .\output\app\bk3633_app.bin -m 0x1F00 -l 0x25b00 -v 0x00029 -rom_v 0x0017 -e 00000000 00000000 00000000 00000000 
cmd_bin_oad.stack_file_addr :0x1f00
binary version hex:0x29; dec:41

Arm Image Binary will be converted to OAD format binary file.....
cmd_bin_oad.stack_file_addr=1f00
boot_bin_len=1a88
add stack bin start
        Encrypt Seccessfully!
        File Size: 0x35530

oad_stack_app_bin_len=33500
oad_app_bin_len=d540
65 1d c6 65 29 00 50 35 42 42 42 42 ff ff 17 00 /**< @CREATE_FILE_SUCCESS */
/**< @Download flash file:.\output\app\bk3633_app_merge_crc.bin
/**< @OAD file :.\output\app\bk3633_app_stack_oad.bin,CRC = 0xd7f0cbd6
/**< @OAD file :.\output\app\bk3633_app_oad.bin,CRC = 0x65c61d65
/**< @author <gang.cheng@bekencorp.com> */
/**< @version v0.3 */
".\obj\bk3633_app.axf" - 0 Error(s), 0 Warning(s).
