Build target 'BK3435_bim'
compiling bim_app.c...
compiling bim_intc.c...
compiling bim_updataImage.c...
assembling bim_vectors.s...
assembling bim_handlers.s...
compiling bim_flash.c...
compiling bim_uart2.c...
compiling bim_gpio.c...
compiling bim_icu.c...
compiling bim_wdt.c...
compiling bim_adc.c...
compiling bim_uart0.c...
linking...
Program Size: Code=6704 RO-data=68 RW-data=20 ZI-data=3408  
After Build - User command #1: fromelf --bin --output .\output\bk3633_boot.bin .\obj\bk3633_boot.axf
After Build - User command #2: .\output\encrypt_bim.bat

E:\work\BK3633\code\internal\BK3633_BLE\SDK\projects\boot>copy .\output\bk3633_boot.bin ..\app_ancs\output\boot 
已复制         1 个文件。

E:\work\BK3633\code\internal\BK3633_BLE\SDK\projects\boot>copy .\output\bk3633_boot.bin ..\app_gatt\output\boot 
已复制         1 个文件。

E:\work\BK3633\code\internal\BK3633_BLE\SDK\projects\boot>copy .\output\bk3633_boot.bin ..\app_multi_bond\output\boot 
已复制         1 个文件。

E:\work\BK3633\code\internal\BK3633_BLE\SDK\projects\boot>copy .\output\bk3633_boot.bin ..\app_rc\output\boot 
已复制         1 个文件。

E:\work\BK3633\code\internal\BK3633_BLE\SDK\projects\boot>copy .\output\bk3633_boot.bin ..\app_gatt_multi_connect\output\boot 
已复制         1 个文件。

E:\work\BK3633\code\internal\BK3633_BLE\SDK\projects\boot>copy .\output\bk3633_boot.bin ..\app_gatt_IRK_connect\output\boot 
已复制         1 个文件。

E:\work\BK3633\code\internal\BK3633_BLE\SDK\projects\boot>copy .\output\bk3633_boot.bin ..\app_hilink\output\boot 
已复制         1 个文件。

E:\work\BK3633\code\internal\BK3633_BLE\SDK\projects\boot>copy .\output\bk3633_boot.bin ..\app_gatt_rtos\output\boot 
已复制         1 个文件。
".\obj\bk3633_boot.axf" - 0 Error(s), 0 Warning(s).
